Component: ARM Compiler 5.06 update 6 (build 750) Tool: armlink [4d35ed]

==============================================================================

Section Cross References

    stm32f10x_it.o(i.SysTick_Handler) refers to stm32f10x_it.o(.data) for .data
    stm32f10x_it.o(i.TIM6_IRQHandler) refers to stm32f10x_tim.o(i.TIM_ClearITPendingBit) for TIM_ClearITPendingBit
    stm32f10x_it.o(i.USART2_IRQHandler) refers to stm32f10x_usart.o(i.USART_GetITStatus) for USART_GetITStatus
    stm32f10x_it.o(i.USART2_IRQHandler) refers to stm32f10x_usart.o(i.USART_ClearITPendingBit) for USART_ClearITPendingBit
    stm32f10x_it.o(i.USART2_IRQHandler) refers to stm32f10x_usart.o(i.USART_ReceiveData) for USART_ReceiveData
    stm32f10x_it.o(i.USART2_IRQHandler) refers to stm32f10x_usart.o(i.USART_ClearFlag) for USART_ClearFlag
    stm32f10x_it.o(i.USART2_IRQHandler) refers to uart.o(.bss) for device_uart2
    startup_stm32f10x_hd.o(STACK) refers (Special) to heapauxi.o(.text) for __use_two_region_memory
    startup_stm32f10x_hd.o(HEAP) refers (Special) to heapauxi.o(.text) for __use_two_region_memory
    startup_stm32f10x_hd.o(RESET) refers (Special) to heapauxi.o(.text) for __use_two_region_memory
    startup_stm32f10x_hd.o(RESET) refers to startup_stm32f10x_hd.o(STACK) for __initial_sp
    startup_stm32f10x_hd.o(RESET) refers to startup_stm32f10x_hd.o(.text) for Reset_Handler
    startup_stm32f10x_hd.o(RESET) refers to stm32f10x_it.o(i.NMI_Handler) for NMI_Handler
    startup_stm32f10x_hd.o(RESET) refers to stm32f10x_it.o(i.HardFault_Handler) for HardFault_Handler
    startup_stm32f10x_hd.o(RESET) refers to stm32f10x_it.o(i.MemManage_Handler) for MemManage_Handler
    startup_stm32f10x_hd.o(RESET) refers to stm32f10x_it.o(i.BusFault_Handler) for BusFault_Handler
    startup_stm32f10x_hd.o(RESET) refers to stm32f10x_it.o(i.UsageFault_Handler) for UsageFault_Handler
    startup_stm32f10x_hd.o(RESET) refers to stm32f10x_it.o(i.SVC_Handler) for SVC_Handler
    startup_stm32f10x_hd.o(RESET) refers to stm32f10x_it.o(i.DebugMon_Handler) for DebugMon_Handler
    startup_stm32f10x_hd.o(RESET) refers to stm32f10x_it.o(i.SysTick_Handler) for SysTick_Handler
    startup_stm32f10x_hd.o(RESET) refers to stm32f10x_it.o(i.DMA1_Channel1_IRQHandler) for DMA1_Channel1_IRQHandler
    startup_stm32f10x_hd.o(RESET) refers to stm32f10x_it.o(i.USART2_IRQHandler) for USART2_IRQHandler
    startup_stm32f10x_hd.o(RESET) refers to stm32f10x_it.o(i.TIM6_IRQHandler) for TIM6_IRQHandler
    startup_stm32f10x_hd.o(.text) refers (Special) to heapauxi.o(.text) for __use_two_region_memory
    startup_stm32f10x_hd.o(.text) refers to system_stm32f10x.o(i.SystemInit) for SystemInit
    startup_stm32f10x_hd.o(.text) refers to __main.o(!!!main) for __main
    startup_stm32f10x_hd.o(.text) refers to startup_stm32f10x_hd.o(HEAP) for Heap_Mem
    startup_stm32f10x_hd.o(.text) refers to startup_stm32f10x_hd.o(STACK) for Stack_Mem
    uart.o(i.uart2_config) refers to misc.o(i.NVIC_PriorityGroupConfig) for NVIC_PriorityGroupConfig
    uart.o(i.uart2_config) refers to misc.o(i.NVIC_Init) for NVIC_Init
    uart.o(i.uart2_config) refers to stm32f10x_usart.o(i.USART_DeInit) for USART_DeInit
    uart.o(i.uart2_config) refers to stm32f10x_rcc.o(i.RCC_APB1PeriphClockCmd) for RCC_APB1PeriphClockCmd
    uart.o(i.uart2_config) refers to stm32f10x_rcc.o(i.RCC_APB2PeriphClockCmd) for RCC_APB2PeriphClockCmd
    uart.o(i.uart2_config) refers to stm32f10x_gpio.o(i.GPIO_Init) for GPIO_Init
    uart.o(i.uart2_config) refers to stm32f10x_usart.o(i.USART_ITConfig) for USART_ITConfig
    uart.o(i.uart2_config) refers to stm32f10x_usart.o(i.USART_Cmd) for USART_Cmd
    uart.o(i.uart2_config) refers to stm32f10x_usart.o(i.USART_ClockInit) for USART_ClockInit
    uart.o(i.uart2_config) refers to stm32f10x_usart.o(i.USART_Init) for USART_Init
    uart.o(i.uart2_config) refers to rt_memclr.o(.text) for __aeabi_memclr
    uart.o(i.uart2_config) refers to uart.o(.bss) for .bss
    uart.o(i.uart2_send_byte) refers to stm32f10x_usart.o(i.USART_SendData) for USART_SendData
    uart.o(i.uart2_send_byte) refers to stm32f10x_usart.o(i.USART_GetFlagStatus) for USART_GetFlagStatus
    uart.o(i.uart2_send_string) refers to uart.o(i.uart2_send_byte) for uart2_send_byte
    flash.o(i.Flash_Erase) refers to stm32f10x_flash.o(i.FLASH_Unlock) for FLASH_Unlock
    flash.o(i.Flash_Erase) refers to stm32f10x_flash.o(i.FLASH_ClearFlag) for FLASH_ClearFlag
    flash.o(i.Flash_Erase) refers to stm32f10x_flash.o(i.FLASH_ErasePage) for FLASH_ErasePage
    flash.o(i.Flash_Erase) refers to stm32f10x_flash.o(i.FLASH_Lock) for FLASH_Lock
    flash.o(i.Flash_Read_for_download) refers to rt_memcpy_v6.o(.text) for __aeabi_memcpy
    flash.o(i.Flash_Updata) refers to stm32f10x_flash.o(i.FLASH_Unlock) for FLASH_Unlock
    flash.o(i.Flash_Updata) refers to stm32f10x_flash.o(i.FLASH_ClearFlag) for FLASH_ClearFlag
    flash.o(i.Flash_Updata) refers to stm32f10x_flash.o(i.FLASH_ErasePage) for FLASH_ErasePage
[...]
    ../clib/angel/boardlib.s                 0x00000000   Number         0  boardinit2.o ABSOLUTE
    ../clib/angel/boardlib.s                 0x00000000   Number         0  boardinit1.o ABSOLUTE
    ../clib/angel/handlers.s                 0x00000000   Number         0  __scatter_zi.o ABSOLUTE
    ../clib/angel/handlers.s                 0x00000000   Number         0  __scatter_copy.o ABSOLUTE
    ../clib/angel/kernel.s                   0x00000000   Number         0  __rtentry.o ABSOLUTE
    ../clib/angel/kernel.s                   0x00000000   Number         0  rtexit.o ABSOLUTE
    ../clib/angel/kernel.s                   0x00000000   Number         0  __rtentry2.o ABSOLUTE
    ../clib/angel/kernel.s                   0x00000000   Number         0  __rtentry4.o ABSOLUTE
    ../clib/angel/kernel.s                   0x00000000   Number         0  rtexit2.o ABSOLUTE
    ../clib/angel/rt.s                       0x00000000   Number         0  rt_ctype_table.o ABSOLUTE
    ../clib/angel/rt.s                       0x00000000   Number         0  rt_locale_intlibspace.o ABSOLUTE
    ../clib/angel/rt.s                       0x00000000   Number         0  rt_locale.o ABSOLUTE
    ../clib/angel/rt.s                       0x00000000   Number         0  rt_raise.o ABSOLUTE
    ../clib/angel/scatter.s                  0x00000000   Number         0  __scatter.o ABSOLUTE
    ../clib/angel/startup.s                  0x00000000   Number         0  __main.o ABSOLUTE
    ../clib/angel/sys.s                      0x00000000   Number         0  libspace.o ABSOLUTE
    ../clib/angel/sys.s                      0x00000000   Number         0  indicate_semi.o ABSOLUTE
    ../clib/angel/sys.s                      0x00000000   Number         0  sys_stackheap_outer.o ABSOLUTE
    ../clib/angel/sys.s                      0x00000000   Number         0  use_no_semi.o ABSOLUTE
    ../clib/angel/sysapp.c                   0x00000000   Number         0  sys_exit.o ABSOLUTE
    ../clib/angel/sysapp.c                   0x00000000   Number         0  sys_command.o ABSOLUTE
    ../clib/angel/sysapp.c                   0x00000000   Number         0  sys_wrch.o ABSOLUTE
    ../clib/armsys.c                         0x00000000   Number         0  argv_veneer.o ABSOLUTE
    ../clib/armsys.c                         0x00000000   Number         0  argv_veneer.o ABSOLUTE
    ../clib/armsys.c                         0x00000000   Number         0  no_argv.o ABSOLUTE
    ../clib/armsys.c                         0x00000000   Number         0  _get_argv_nomalloc.o ABSOLUTE
    ../clib/ctype.c                          0x00000000   Number         0  toupper.o ABSOLUTE
    ../clib/heapalloc.c                      0x00000000   Number         0  hrguard.o ABSOLUTE
    ../clib/heapaux.c                        0x00000000   Number         0  heapauxi.o ABSOLUTE
    ../clib/libinit.s                        0x00000000   Number         0  libshutdown.o ABSOLUTE
    ../clib/libinit.s                        0x00000000   Number         0  libshutdown2.o ABSOLUTE
    ../clib/libinit.s                        0x00000000   Number         0  libinit.o ABSOLUTE
    ../clib/libinit.s                        0x00000000   Number         0  libinit2.o ABSOLUTE
    ../clib/locale.s                         0x00000000   Number         0  lc_ctype_c.o ABSOLUTE
    ../clib/memcpset.s                       0x00000000   Number         0  rt_memclr.o ABSOLUTE
    ../clib/memcpset.s                       0x00000000   Number         0  rt_memclr_w.o ABSOLUTE
    ../clib/memcpset.s                       0x00000000   Number         0  rt_memcpy_w.o ABSOLUTE
    ../clib/memcpset.s                       0x00000000   Number         0  rt_memcpy_v6.o ABSOLUTE
    ../clib/memcpset.s                       0x00000000   Number         0  strcmpv7m.o ABSOLUTE
    ../clib/signal.c                         0x00000000   Number         0  defsig_exit.o ABSOLUTE
    ../clib/signal.c                         0x00000000   Number         0  defsig_rtmem_inner.o ABSOLUTE
    ../clib/signal.c                         0x00000000   Number         0  defsig_rtred_inner.o ABSOLUTE
    ../clib/signal.c                         0x00000000   Number         0  defsig_stak_inner.o ABSOLUTE
    ../clib/signal.c                         0x00000000   Number         0  defsig_pvfn_inner.o ABSOLUTE
    ../clib/signal.c                         0x00000000   Number         0  defsig_rtmem_outer.o ABSOLUTE
    ../clib/signal.c                         0x00000000   Number         0  defsig_cppl_inner.o ABSOLUTE
    ../clib/signal.c                         0x00000000   Number         0  defsig_fpe_inner.o ABSOLUTE
    ../clib/signal.c                         0x00000000   Number         0  defsig_abrt_inner.o ABSOLUTE
    ../clib/signal.c                         0x00000000   Number         0  defsig_segv_inner.o ABSOLUTE
    ../clib/signal.c                         0x00000000   Number         0  defsig_general.o ABSOLUTE
    ../clib/signal.c                         0x00000000   Number         0  __raise.o ABSOLUTE
    ../clib/signal.c                         0x00000000   Number         0  defsig_other.o ABSOLUTE
    ../clib/signal.c                         0x00000000   Number         0  defsig_rtmem_formal.o ABSOLUTE
    ../clib/signal.s                         0x00000000   Number         0  defsig.o ABSOLUTE
    ../clib/stdlib.c                         0x00000000   Number         0  exit.o ABSOLUTE
    ../clib/string.c                         0x00000000   Number         0  strlen.o ABSOLUTE
    ../clib/string.c                         0x00000000   Number         0  memcmp.o ABSOLUTE
    ../fplib/daddsub.s                       0x00000000   Number         0  daddsub_clz.o ABSOLUTE
    ../fplib/ddiv.s                          0x00000000   Number         0  ddiv.o ABSOLUTE
    ../fplib/dfix.s                          0x00000000   Number         0  dfix.o ABSOLUTE
    ../fplib/dfixu.s                         0x00000000   Number         0  dfixu.o ABSOLUTE
    ../fplib/dflt.s                          0x00000000   Number         0  dflt_clz.o ABSOLUTE
    ../fplib/dmul.s                          0x00000000   Number         0  dmul.o ABSOLUTE
    ../fplib/dnaninf.s                       0x00000000   Number         0  dnaninf.o ABSOLUTE
    ../fplib/dretinf.s                       0x00000000   Number         0  dretinf.o ABSOLUTE
    ../fplib/fpinit.s                        0x00000000   Number         0  fpinit.o ABSOLUTE
    ../fplib/usenofp.s                       0x00000000   Number         0  usenofp.o ABSOLUTE
    ..\Libraries\core_cm3.c                  0x00000000   Number         0  core_cm3.o ABSOLUTE
    ..\Libraries\src\misc.c                  0x00000000   Number         0  misc.o ABSOLUTE
    ..\Libraries\src\stm32f10x_adc.c         0x00000000   Number         0  stm32f10x_adc.o ABSOLUTE
    ..\Libraries\src\stm32f10x_flash.c       0x00000000   Number         0  stm32f10x_flash.o ABSOLUTE
    ..\Libraries\src\stm32f10x_gpio.c        0x00000000   Number         0  stm32f10x_gpio.o ABSOLUTE
    ..\Libraries\src\stm32f10x_rcc.c         0x00000000   Number         0  stm32f10x_rcc.o ABSOLUTE
    ..\Libraries\src\stm32f10x_rtc.c         0x00000000   Number         0  stm32f10x_rtc.o ABSOLUTE
    ..\Libraries\src\stm32f10x_tim.c         0x00000000   Number         0  stm32f10x_tim.o ABSOLUTE
    ..\Libraries\src\stm32f10x_usart.c       0x00000000   Number         0  stm32f10x_usart.o ABSOLUTE
    ..\Libraries\startup_stm32f10x_hd.s      0x00000000   Number         0  startup_stm32f10x_hd.o ABSOLUTE
    ..\Libraries\system_stm32f10x.c          0x00000000   Number         0  system_stm32f10x.o ABSOLUTE
    ..\Src\app\device.c                      0x00000000   Number         0  device.o ABSOLUTE
    ..\Src\app\my_string.c                   0x00000000   Number         0  my_string.o ABSOLUTE
    ..\Src\drv\GT21L16S2Y.C                  0x00000000   Number         0  gt21l16s2y.o ABSOLUTE
    ..\Src\drv\flash.c                       0x00000000   Number         0  flash.o ABSOLUTE
    ..\Src\drv\nv3021.c                      0x00000000   Number         0  nv3021.o ABSOLUTE
    ..\Src\drv\poc.c                         0x00000000   Number         0  poc.o ABSOLUTE
    ..\Src\drv\uart.c                        0x00000000   Number         0  uart.o ABSOLUTE
    ..\Src\usr\main.c                        0x00000000   Number         0  main.o ABSOLUTE
    ..\Src\usr\stm32f10x_it.c                0x00000000   Number         0  stm32f10x_it.o ABSOLUTE
    ..\\Libraries\\core_cm3.c                0x00000000   Number         0  core_cm3.o ABSOLUTE
    ..\\Src\\usr\\main.c                     0x00000000   Number         0  main.o ABSOLUTE
    dc.s                                     0x00000000   Number         0  dc.o ABSOLUTE
    RESET                                    0x08000000   Section      304  startup_stm32f10x_hd.o(RESET)
    !!!main                                  0x08000130   Section        8  __main.o(!!!main)
    !!!scatter                               0x08000138   Section       52  __scatter.o(!!!scatter)
    !!handler_copy                           0x0800016c   Section       26  __scatter_copy.o(!!handler_copy)
    !!handler_zi                             0x08000188   Section       28  __scatter_zi.o(!!handler_zi)
    .ARM.Collect$$libinit$$00000000          0x080001a4   Section        2  libinit.o(.ARM.Collect$$libinit$$00000000)
    .ARM.Collect$$libinit$$00000002          0x080001a6   Section        0  libinit2.o(.ARM.Collect$$libinit$$00000002)
    .ARM.Collect$$libinit$$00000004          0x080001a6   Section        0  libinit2.o(.ARM.Collect$$libinit$$00000004)
    .ARM.Collect$$libinit$$0000000A          0x080001a6   Section        0  libinit2.o(.ARM.Collect$$libinit$$0000000A)
    .ARM.Collect$$libinit$$0000000C          0x080001a6   Section        0  libinit2.o(.ARM.Collect$$libinit$$0000000C)
    .ARM.Collect$$libinit$$0000000E          0x080001a6   Section        0  libinit2.o(.ARM.Collect$$libinit$$0000000E)
    .ARM.Collect$$libinit$$0000000F          0x080001a6   Section        6  libinit2.o(.ARM.Collect$$libinit$$0000000F)
    .ARM.Collect$$libinit$$00000011          0x080001ac   Section        0  libinit2.o(.ARM.Collect$$libinit$$00000011)
    .ARM.Collect$$libinit$$00000012          0x080001ac   Section       12  libinit2.o(.ARM.Collect$$libinit$$00000012)
    .ARM.Collect$$libinit$$00000013          0x080001b8   Section        0  libinit2.o(.ARM.Collect$$libinit$$00000013)
    .ARM.Collect$$libinit$$00000015          0x080001b8   Section        0  libinit2.o(.ARM.Collect$$libinit$$00000015)
    .ARM.Collect$$libinit$$00000017          0x080001b8   Section        0  libinit2.o(.ARM.Collect$$libinit$$00000017)
    .ARM.Collect$$libinit$$00000019          0x080001b8   Section        0  libinit2.o(.ARM.Collect$$libinit$$00000019)
    .ARM.Collect$$libinit$$0000001B          0x080001b8   Section        0  libinit2.o(.ARM.Collect$$libinit$$0000001B)
    .ARM.Collect$$libinit$$0000001D          0x080001b8   Section        0  libinit2.o(.ARM.Collect$$libinit$$0000001D)
    .ARM.Collect$$libinit$$0000001F          0x080001b8   Section        0  libinit2.o(.ARM.Collect$$libinit$$0000001F)
    .ARM.Collect$$libinit$$00000021          0x080001b8   Section        0  libinit2.o(.ARM.Collect$$libinit$$00000021)
    .ARM.Collect$$libinit$$00000023          0x080001b8   Section        0  libinit2.o(.ARM.Collect$$libinit$$00000023)
    .ARM.Collect$$libinit$$00000025          0x080001b8   Section        0  libinit2.o(.ARM.Collect$$libinit$$00000025)
    .ARM.Collect$$libinit$$0000002C          0x080001b8   Section        0  libinit2.o(.ARM.Collect$$libinit$$0000002C)
    .ARM.Collect$$libinit$$0000002E          0x080001b8   Section        0  libinit2.o(.ARM.Collect$$libinit$$0000002E)
    .ARM.Collect$$libinit$$00000030          0x080001b8   Section        0  libinit2.o(.ARM.Collect$$libinit$$00000030)
    .ARM.Collect$$libinit$$00000032          0x080001b8   Section        0  libinit2.o(.ARM.Collect$$libinit$$00000032)
    .ARM.Collect$$libinit$$00000033          0x080001b8   Section        2  libinit2.o(.ARM.Collect$$libinit$$00000033)
    .ARM.Collect$$libshutdown$$00000000      0x080001ba   Section        2  libshutdown.o(.ARM.Collect$$libshutdown$$00000000)
    .ARM.Collect$$libshutdown$$00000002      0x080001bc   Section        0  libshutdown2.o(.ARM.Collect$$libshutdown$$00000002)
    .ARM.Collect$$libshutdown$$00000004      0x080001bc   Section        0  libshutdown2.o(.ARM.Collect$$libshutdown$$00000004)
    .ARM.Collect$$libshutdown$$00000007      0x080001bc   Section        0  libshutdown2.o(.ARM.Collect$$libshutdown$$00000007)
    .ARM.Collect$$libshutdown$$0000000A      0x080001bc   Section        0  libshutdown2.o(.ARM.Collect$$libshutdown$$0000000A)
    .ARM.Collect$$libshutdown$$0000000C      0x080001bc   Section        0  libshutdown2.o(.ARM.Collect$$libshutdown$$0000000C)
    .ARM.Collect$$libshutdown$$0000000F      0x080001bc   Section        0  libshutdown2.o(.ARM.Collect$$libshutdown$$0000000F)
    .ARM.Collect$$libshutdown$$00000010      0x080001bc   Section        2  libshutdown2.o(.ARM.Collect$$libshutdown$$00000010)
    .ARM.Collect$$rtentry$$00000000          0x080001be   Section        0  __rtentry.o(.ARM.Collect$$rtentry$$00000000)
    .ARM.Collect$$rtentry$$00000002          0x080001be   Section        0  __rtentry2.o(.ARM.Collect$$rtentry$$00000002)
    .ARM.Collect$$rtentry$$00000004          0x080001be   Section        6  __rtentry4.o(.ARM.Collect$$rtentry$$00000004)
    .ARM.Collect$$rtentry$$00000009          0x080001c4   Section        0  __rtentry2.o(.ARM.Collect$$rtentry$$00000009)
    .ARM.Collect$$rtentry$$0000000A          0x080001c4   Section        4  __rtentry2.o(.ARM.Collect$$rtentry$$0000000A)
    .ARM.Collect$$rtentry$$0000000C          0x080001c8   Section        0  __rtentry2.o(.ARM.Collect$$rtentry$$0000000C)
    .ARM.Collect$$rtentry$$0000000D          0x080001c8   Section        8  __rtentry2.o(.ARM.Collect$$rtentry$$0000000D)
    .ARM.Collect$$rtexit$$00000000           0x080001d0   Section        2  rtexit.o(.ARM.Collect$$rtexit$$00000000)
    .ARM.Collect$$rtexit$$00000002           0x080001d2   Section        0  rtexit2.o(.ARM.Collect$$rtexit$$00000002)
    .ARM.Collect$$rtexit$$00000003           0x080001d2   Section        4  rtexit2.o(.ARM.Collect$$rtexit$$00000003)
    .ARM.Collect$$rtexit$$00000004           0x080001d6   Section        6  rtexit2.o(.ARM.Collect$$rtexit$$00000004)
    .emb_text                                0x080001dc   Section        6  main.o(.emb_text)
    .text                                    0x080001e4   Section       64  startup_stm32f10x_hd.o(.text)
    .text                                    0x08000224   Section        0  toupper.o(.text)
    .text                                    0x08000242   Section        0  memcmp.o(.text)
    .text                                    0x0800029a   Section        0  strlen.o(.text)
    .text                                    0x080002d8   Section      138  rt_memcpy_v6.o(.text)
    .text                                    0x08000362   Section      100  rt_memcpy_w.o(.text)
    .text                                    0x080003c6   Section       68  rt_memclr.o(.text)
    .text                                    0x0800040a   Section       78  rt_memclr_w.o(.text)
    .text                                    0x08000458   Section        0  heapauxi.o(.text)
    .text                                    0x08000460   Section       16  rt_ctype_table.o(.text)
    .text                                    0x08000470   Section        8  rt_locale_intlibspace.o(.text)
    .text                                    0x08000478   Section        8  libspace.o(.text)
    .text                                    0x08000480   Section       74  sys_stackheap_outer.o(.text)
    .text                                    0x080004ca   Section        0  exit.o(.text)
    .text                                    0x080004dc   Section      128  strcmpv7m.o(.text)
    .text                                    0x0800055c   Section        0  sys_exit.o(.text)
    .text                                    0x08000568   Section        2  use_no_semi.o(.text)
    .text                                    0x0800056a   Section        0  indicate_semi.o(.text)
    i.BusFault_Handler                       0x0800056a   Section        0  stm32f10x_it.o(i.BusFault_Handler)
    i.DMA1_Channel1_IRQHandler               0x0800056c   Section        0  stm32f10x_it.o(i.DMA1_Channel1_IRQHandler)
    i.DebugMon_Handler                       0x0800056e   Section        0  stm32f10x_it.o(i.DebugMon_Handler)
    i.Delay_Ms                               0x08000570   Section        0  nv3021.o(i.Delay_Ms)
    i.FLASH_ClearFlag                        0x08000588   Section        0  stm32f10x_flash.o(i.FLASH_ClearFlag)
    i.FLASH_ErasePage                        0x08000594   Section        0  stm32f10x_flash.o(i.FLASH_ErasePage)
    i.FLASH_GetBank1Status                   0x080005d0   Section        0  stm32f10x_flash.o(i.FLASH_GetBank1Status)
    i.FLASH_Lock                             0x080005f8   Section        0  stm32f10x_flash.o(i.FLASH_Lock)
    i.FLASH_PrefetchBufferCmd                0x08000608   Section        0  stm32f10x_flash.o(i.FLASH_PrefetchBufferCmd)
    i.FLASH_ProgramWord                      0x08000620   Section        0  stm32f10x_flash.o(i.FLASH_ProgramWord)
    i.FLASH_SetLatency                       0x0800067c   Section        0  stm32f10x_flash.o(i.FLASH_SetLatency)
    i.FLASH_Unlock                           0x08000690   Section        0  stm32f10x_flash.o(i.FLASH_Unlock)
    i.FLASH_WaitForLastOperation             0x080006a8   Section        0  stm32f10x_flash.o(i.FLASH_WaitForLastOperation)
    i.Flash_Erase                            0x080006c8   Section        0  flash.o(i.Flash_Erase)
    i.Flash_Read                             0x080006f6   Section        0  flash.o(i.Flash_Read)
    i.Flash_Read_for_download                0x0800071e   Section        0  flash.o(i.Flash_Read_for_download)
    i.Flash_Updata                           0x08000728   Section        0  flash.o(i.Flash_Updata)
    i.Flash_Write                            0x08000800   Section        0  flash.o(i.Flash_Write)
    i.GPIO_Init                              0x08000842   Section        0  stm32f10x_gpio.o(i.GPIO_Init)
    i.GPIO_ReadInputDataBit                  0x080008e8   Section        0  stm32f10x_gpio.o(i.GPIO_ReadInputDataBit)
    i.GPIO_ResetBits                         0x080008f6   Section        0  stm32f10x_gpio.o(i.GPIO_ResetBits)
    i.GPIO_SetBits                           0x080008fa   Section        0  stm32f10x_gpio.o(i.GPIO_SetBits)
    i.HardFault_Handler                      0x080008fe   Section        0  stm32f10x_it.o(i.HardFault_Handler)
    i.ILI9163C_Initial                       0x08000900   Section        0  nv3021.o(i.ILI9163C_Initial)
    i.Lcd_Reset                              0x08000b14   Section        0  nv3021.o(i.Lcd_Reset)
    i.MemManage_Handler                      0x08000b40   Section        0  stm32f10x_it.o(i.MemManage_Handler)
    i.NMI_Handler                            0x08000b42   Section        0  stm32f10x_it.o(i.NMI_Handler)
    i.NVIC_ISR_ADDR_RESET                    0x08000b44   Section        0  main.o(i.NVIC_ISR_ADDR_RESET)
    i.NVIC_Init                              0x08000b50   Section        0  misc.o(i.NVIC_Init)
    i.NVIC_PriorityGroupConfig               0x08000bb4   Section        0  misc.o(i.NVIC_PriorityGroupConfig)
    i.NVIC_SetVectorTable                    0x08000bc8   Section        0  misc.o(i.NVIC_SetVectorTable)
    i.OSTick_Init                            0x08000bdc   Section        0  main.o(i.OSTick_Init)
    i.RCC_ADCCLKConfig                       0x08000c18   Section        0  stm32f10x_rcc.o(i.RCC_ADCCLKConfig)
    i.RCC_APB1PeriphClockCmd                 0x08000c2c   Section        0  stm32f10x_rcc.o(i.RCC_APB1PeriphClockCmd)
    i.RCC_APB1PeriphResetCmd                 0x08000c48   Section        0  stm32f10x_rcc.o(i.RCC_APB1PeriphResetCmd)
    i.RCC_APB2PeriphClockCmd                 0x08000c64   Section        0  stm32f10x_rcc.o(i.RCC_APB2PeriphClockCmd)
    i.RCC_APB2PeriphResetCmd                 0x08000c80   Section        0  stm32f10x_rcc.o(i.RCC_APB2PeriphResetCmd)
    i.RCC_Configuration                      0x08000c9c   Section        0  main.o(i.RCC_Configuration)
    RCC_Configuration                        0x08000c9d   Thumb Code   106  main.o(i.RCC_Configuration)
    i.RCC_DeInit                             0x08000d08   Section        0  stm32f10x_rcc.o(i.RCC_DeInit)
    i.RCC_GetClocksFreq                      0x08000d48   Section        0  stm32f10x_rcc.o(i.RCC_GetClocksFreq)
    i.RCC_GetFlagStatus                      0x08000df4   Section        0  stm32f10x_rcc.o(i.RCC_GetFlagStatus)
    i.RCC_GetSYSCLKSource                    0x08000e24   Section        0  stm32f10x_rcc.o(i.RCC_GetSYSCLKSource)
    i.RCC_HCLKConfig                         0x08000e34   Section        0  stm32f10x_rcc.o(i.RCC_HCLKConfig)
    i.RCC_HSEConfig                          0x08000e48   Section        0  stm32f10x_rcc.o(i.RCC_HSEConfig)
    i.RCC_PCLK1Config                        0x08000e80   Section        0  stm32f10x_rcc.o(i.RCC_PCLK1Config)
    i.RCC_PCLK2Config                        0x08000e94   Section        0  stm32f10x_rcc.o(i.RCC_PCLK2Config)
    i.RCC_PLLCmd                             0x08000ea8   Section        0  stm32f10x_rcc.o(i.RCC_PLLCmd)
    i.RCC_PLLConfig                          0x08000eb4   Section        0  stm32f10x_rcc.o(i.RCC_PLLConfig)
    i.RCC_SYSCLKConfig                       0x08000ec8   Section        0  stm32f10x_rcc.o(i.RCC_SYSCLKConfig)
    i.RCC_WaitForHSEStartUp                  0x08000edc   Section        0  stm32f10x_rcc.o(i.RCC_WaitForHSEStartUp)
    i.SVC_Handler                            0x08000f0c   Section        0  stm32f10x_it.o(i.SVC_Handler)
    i.SetSysClock                            0x08000f0e   Section        0  system_stm32f10x.o(i.SetSysClock)
    SetSysClock                              0x08000f0f   Thumb Code     4  system_stm32f10x.o(i.SetSysClock)
    i.SetSysClockTo72                        0x08000f14   Section        0  system_stm32f10x.o(i.SetSysClockTo72)
    SetSysClockTo72                          0x08000f15   Thumb Code   166  system_stm32f10x.o(i.SetSysClockTo72)
    i.SpiFlash_Read                          0x08000fc4   Section        0  gt21l16s2y.o(i.SpiFlash_Read)
    i.SpiFlash_ReadOneByte                   0x08001028   Section        0  gt21l16s2y.o(i.SpiFlash_ReadOneByte)
    i.SpiFlash_WriteOneByte                  0x08001078   Section        0  gt21l16s2y.o(i.SpiFlash_WriteOneByte)
    i.SpiFlash_Write_CMD                     0x080010dc   Section        0  gt21l16s2y.o(i.SpiFlash_Write_CMD)
    SpiFlash_Write_CMD                       0x080010dd   Thumb Code    22  gt21l16s2y.o(i.SpiFlash_Write_CMD)
    i.SysTick_Handler                        0x080010f4   Section        0  stm32f10x_it.o(i.SysTick_Handler)
    i.SystemInit                             0x08001108   Section        0  system_stm32f10x.o(i.SystemInit)
    i.TIM6_IRQHandler                        0x08001158   Section        0  stm32f10x_it.o(i.TIM6_IRQHandler)
    i.TIM_ClearITPendingBit                  0x08001164   Section        0  stm32f10x_tim.o(i.TIM_ClearITPendingBit)
    i.TargetBoardRccNvicTimerInit            0x0800116a   Section        0  main.o(i.TargetBoardRccNvicTimerInit)
    i.USART2_IRQHandler                      0x0800117c   Section        0  stm32f10x_it.o(i.USART2_IRQHandler)
    i.USART_ClearFlag                        0x080011f4   Section        0  stm32f10x_usart.o(i.USART_ClearFlag)
    i.USART_ClearITPendingBit                0x080011fc   Section        0  stm32f10x_usart.o(i.USART_ClearITPendingBit)
    i.USART_ClockInit                        0x0800120c   Section        0  stm32f10x_usart.o(i.USART_ClockInit)
    i.USART_Cmd                              0x0800122a   Section        0  stm32f10x_usart.o(i.USART_Cmd)
    i.USART_DeInit                           0x08001244   Section        0  stm32f10x_usart.o(i.USART_DeInit)
    i.USART_GetFlagStatus                    0x080012e8   Section        0  stm32f10x_usart.o(i.USART_GetFlagStatus)
    i.USART_GetITStatus                      0x080012f6   Section        0  stm32f10x_usart.o(i.USART_GetITStatus)
    i.USART_ITConfig                         0x08001336   Section        0  stm32f10x_usart.o(i.USART_ITConfig)
    i.USART_Init                             0x0800136c   Section        0  stm32f10x_usart.o(i.USART_Init)
    i.USART_ReceiveData                      0x08001428   Section        0  stm32f10x_usart.o(i.USART_ReceiveData)
    i.USART_SendData                         0x08001430   Section        0  stm32f10x_usart.o(i.USART_SendData)
    i.UsageFault_Handler                     0x08001438   Section        0  stm32f10x_it.o(i.UsageFault_Handler)
    i.boot_task                              0x0800143c   Section        0  main.o(i.boot_task)
    i.boot_ui_init                           0x08001464   Section        0  main.o(i.boot_ui_init)
    i.calcrc                                 0x08001530   Section        0  poc.o(i.calcrc)
    i.delay                                  0x08001568   Section        0  poc.o(i.delay)
    delay                                    0x08001569   Thumb Code    20  poc.o(i.delay)
    i.device_config_read                     0x08001580   Section        0  device.o(i.device_config_read)
    i.device_config_save_flash               0x08001598   Section        0  device.o(i.device_config_save_flash)
    i.device_init                            0x080015c8   Section        0  device.o(i.device_init)
    i.download_code_bin                      0x08001618   Section        0  main.o(i.download_code_bin)
    i.gb2312_to_unicode                      0x080018f8   Section        0  gt21l16s2y.o(i.gb2312_to_unicode)
    i.gt21l16s2_get_ascii_6x12               0x08001964   Section        0  gt21l16s2y.o(i.gt21l16s2_get_ascii_6x12)
    i.gt21l16s2_get_ascii_8x16               0x0800198c   Section        0  gt21l16s2y.o(i.gt21l16s2_get_ascii_8x16)
    i.gt21l16s2_get_gb2312_11x12             0x080019b0   Section        0  gt21l16s2y.o(i.gt21l16s2_get_gb2312_11x12)
    i.gt21l16s2_get_gb2312_15x16             0x08001a4c   Section        0  gt21l16s2y.o(i.gt21l16s2_get_gb2312_15x16)
    i.gt21l16s2_init                         0x08001ad0   Section        0  gt21l16s2y.o(i.gt21l16s2_init)
    i.gt21l16s2_read_addr                    0x08001ae4   Section        0  gt21l16s2y.o(i.gt21l16s2_read_addr)
    gt21l16s2_read_addr                      0x08001ae5   Thumb Code   192  gt21l16s2y.o(i.gt21l16s2_read_addr)
    i.hex_to_str                             0x08001bb0   Section        0  my_string.o(i.hex_to_str)
    i.lcd_gpio_init                          0x08001bf0   Section        0  nv3021.o(i.lcd_gpio_init)
    lcd_gpio_init                            0x08001bf1   Thumb Code   172  nv3021.o(i.lcd_gpio_init)
    i.lcd_write_cmd8                         0x08001ca4   Section        0  nv3021.o(i.lcd_write_cmd8)
    i.lcd_write_dat16                        0x08001cf0   Section        0  nv3021.o(i.lcd_write_dat16)
    i.lcd_write_dat8                         0x08001d58   Section        0  nv3021.o(i.lcd_write_dat8)
    i.main                                   0x08001da4   Section        0  main.o(i.main)
    i.nv3021_color_clr                       0x08001df4   Section        0  nv3021.o(i.nv3021_color_clr)
    i.nv3021_disp_bit1bmp_SingleByte         0x08001e32   Section        0  nv3021.o(i.nv3021_disp_bit1bmp_SingleByte)
    i.nv3021_disp_range                      0x08001e9a   Section        0  nv3021.o(i.nv3021_disp_range)
    i.nv3021_set_dis_range                   0x08001ef8   Section        0  nv3021.o(i.nv3021_set_dis_range)
    i.poc_get_para                           0x08001f4c   Section        0  poc.o(i.poc_get_para)
    i.poc_gpio_init                          0x08001f54   Section        0  poc.o(i.poc_gpio_init)
    poc_gpio_init                            0x08001f55   Thumb Code    50  poc.o(i.poc_gpio_init)
    i.poc_init                               0x08001f8c   Section        0  poc.o(i.poc_init)
    i.poc_send_cmd                           0x08001fe4   Section        0  poc.o(i.poc_send_cmd)
    i.poc_task                               0x08002050   Section        0  poc.o(i.poc_task)
    i.poc_uart_msg_deal                      0x080022cc   Section        0  poc.o(i.poc_uart_msg_deal)
    poc_uart_msg_deal                        0x080022cd   Thumb Code   482  poc.o(i.poc_uart_msg_deal)
    i.run_app                                0x0800251c   Section        0  main.o(i.run_app)
    i.spi_gpio_init                          0x08002530   Section        0  gt21l16s2y.o(i.spi_gpio_init)
    i.str_to_hex                             0x08002654   Section        0  my_string.o(i.str_to_hex)
    i.uart2_config                           0x080026a8   Section        0  uart.o(i.uart2_config)
    i.uart2_send_byte                        0x0800278c   Section        0  uart.o(i.uart2_send_byte)
    i.uart2_send_string                      0x080027ac   Section        0  uart.o(i.uart2_send_string)
    i.ui_disp_china_11x12                    0x080027c6   Section        0  main.o(i.ui_disp_china_11x12)
    ui_disp_china_11x12                      0x080027c7   Thumb Code   208  main.o(i.ui_disp_china_11x12)
    i.ui_disp_china_15x16                    0x08002896   Section        0  main.o(i.ui_disp_china_15x16)
    locale$$code                             0x0800297c   Section       44  lc_ctype_c.o(locale$$code)
    x$fpl$ddiv                               0x080029a8   Section      688  ddiv.o(x$fpl$ddiv)
    ddiv_entry                               0x080029af   Thumb Code     0  ddiv.o(x$fpl$ddiv)
    x$fpl$dfixu                              0x08002c58   Section       90  dfixu.o(x$fpl$dfixu)
    x$fpl$dfltu                              0x08002cb2   Section       38  dflt_clz.o(x$fpl$dfltu)
    x$fpl$dnaninf                            0x08002cd8   Section      156  dnaninf.o(x$fpl$dnaninf)
    x$fpl$dretinf                            0x08002d74   Section       12  dretinf.o(x$fpl$dretinf)
    .constdata                               0x08002d80   Section     1152  poc.o(.constdata)
    x$fpl$usenofp                            0x08002d80   Section        0  usenofp.o(x$fpl$usenofp)
    locale$$data                             0x08003220   Section      272  lc_ctype_c.o(locale$$data)
    __lcctype_c_name                         0x08003224   Data           2  lc_ctype_c.o(locale$$data)
    __lcctype_c_start                        0x0800322c   Data           0  lc_ctype_c.o(locale$$data)
    __lcctype_c_end                          0x08003330   Data           0  lc_ctype_c.o(locale$$data)
    .data                                    0x20000000   Section        8  stm32f10x_it.o(.data)
    .data                                    0x20000008   Section        4  flash.o(.data)
    Data32                                   0x20000008   Data           4  flash.o(.data)
    .data                                    0x2000000c   Section       16  poc.o(.data)
    erase_flag                               0x2000000c   Data           1  poc.o(.data)
    send_times                               0x2000000d   Data           1  poc.o(.data)
    pack_cnt                                 0x2000000e   Data           2  poc.o(.data)
    old_send_cnt                             0x20000010   Data           2  poc.o(.data)
    cmp_cnt                                  0x20000012   Data           2  poc.o(.data)
    resend_timer                             0x20000014   Data           4  poc.o(.data)
    .data                                    0x2000001c   Section       20  stm32f10x_rcc.o(.data)
    ADCPrescTable                            0x2000001c   Data           4  stm32f10x_rcc.o(.data)
    APBAHBPrescTable                         0x20000020   Data          16  stm32f10x_rcc.o(.data)
    .data                                    0x20000030   Section       16  main.o(.data)
    ui_refush_flag                           0x20000030   Data           1  main.o(.data)
    ui_refush_flag                           0x20000031   Data           1  main.o(.data)
    cur_pt                                   0x20000032   Data           2  main.o(.data)
    old_pt                                   0x20000034   Data           2  main.o(.data)
    .bss                                     0x20000040   Section     2054  uart.o(.bss)
    .bss                                     0x20000846   Section     1066  poc.o(.bss)
    buf_temp_deal                            0x20000846   Data        1024  poc.o(.bss)
    .bss                                     0x20000c70   Section       36  device.o(.bss)
    .bss                                     0x20000c94   Section       96  libspace.o(.bss)
    HEAP                                     0x20000cf8   Section     1024  startup_stm32f10x_hd.o(HEAP)
    Heap_Mem                                 0x20000cf8   Data        1024  startup_stm32f10x_hd.o(HEAP)
    STACK                                    0x200010f8   Section     4096  startup_stm32f10x_hd.o(STACK)
    Stack_Mem                                0x200010f8   Data        4096  startup_stm32f10x_hd.o(STACK)
    __initial_sp                             0x200020f8   Data           0  startup_stm32f10x_hd.o(STACK)

    Global Symbols

    Symbol Name                              Value     Ov Type        Size  Object(Section)

    BuildAttributes$$THM_ISAv4$P$D$K$B$S$PE$A:L22UL41UL21$X:L11$S22US41US21$IEEE1$IW$USESV6$~STKCKD$USESV7$~SHL$OSPACE$ROPI$EBA8$UX$STANDARDLIB$REQ8$PRES8$EABIv2 0x00000000   Number         0  anon$$obj.o ABSOLUTE
    __ARM_use_no_argv                        0x00000000   Number         0  main.o ABSOLUTE
    __ARM_exceptions_init                     - Undefined Weak Reference
    __alloca_initialize                       - Undefined Weak Reference
    __arm_preinit_                            - Undefined Weak Reference
    __cpp_initialize__aeabi_                  - Undefined Weak Reference
    __cxa_finalize                            - Undefined Weak Reference
    __sigvec_lookup                           - Undefined Weak Reference
    _atexit_init                              - Undefined Weak Reference
    _call_atexit_fns                          - Undefined Weak Reference
    _clock_init                               - Undefined Weak Reference
    _fp_trap_init                             - Undefined Weak Reference
    _fp_trap_shutdown                         - Undefined Weak Reference
    _get_lc_collate                           - Undefined Weak Reference
    _get_lc_monetary                          - Undefined Weak Reference
    _get_lc_numeric                           - Undefined Weak Reference
    _get_lc_time                              - Undefined Weak Reference
    _getenv_init                              - Undefined Weak Reference
    _handle_redirection                       - Undefined Weak Reference
    _init_alloc                               - Undefined Weak Reference
    _init_user_alloc                          - Undefined Weak Reference
    _initio                                   - Undefined Weak Reference
    _rand_init                                - Undefined Weak Reference
    _signal_finish                            - Undefined Weak Reference
    _signal_init                              - Undefined Weak Reference
    _terminate_alloc                          - Undefined Weak Reference
    _terminate_user_alloc                     - Undefined Weak Reference
    _terminateio                              - Undefined Weak Reference
    __Vectors_Size                           0x00000130   Number         0  startup_stm32f10x_hd.o ABSOLUTE
    __Vectors                                0x08000000   Data           4  startup_stm32f10x_hd.o(RESET)
    __Vectors_End                            0x08000130   Data           0  startup_stm32f10x_hd.o(RESET)
    __main                                   0x08000131   Thumb Code     8  __main.o(!!!main)
    __scatterload                            0x08000139   Thumb Code     0  __scatter.o(!!!scatter)
    __scatterload_rt2                        0x08000139   Thumb Code    44  __scatter.o(!!!scatter)
    __scatterload_rt2_thumb_only             0x08000139   Thumb Code     0  __scatter.o(!!!scatter)
    __scatterload_null                       0x08000147   Thumb Code     0  __scatter.o(!!!scatter)
    __scatterload_copy                       0x0800016d   Thumb Code    26  __scatter_copy.o(!!handler_copy)
    __scatterload_zeroinit                   0x08000189   Thumb Code    28  __scatter_zi.o(!!handler_zi)
    __rt_lib_init                            0x080001a5   Thumb Code     0  libinit.o(.ARM.Collect$$libinit$$00000000)
    __rt_lib_init_fp_1                       0x080001a7   Thumb Code     0  libinit2.o(.ARM.Collect$$libinit$$00000002)
    __rt_lib_init_heap_1                     0x080001a7   Thumb Code     0  libinit2.o(.ARM.Collect$$libinit$$0000000A)
    __rt_lib_init_lc_common                  0x080001a7   Thumb Code     0  libinit2.o(.ARM.Collect$$libinit$$0000000F)
    __rt_lib_init_preinit_1                  0x080001a7   Thumb Code     0  libinit2.o(.ARM.Collect$$libinit$$00000004)
    __rt_lib_init_rand_1                     0x080001a7   Thumb Code     0  libinit2.o(.ARM.Collect$$libinit$$0000000E)
    __rt_lib_init_user_alloc_1               0x080001a7   Thumb Code     0  libinit2.o(.ARM.Collect$$libinit$$0000000C)
    __rt_lib_init_lc_collate_1               0x080001ad   Thumb Code     0  libinit2.o(.ARM.Collect$$libinit$$00000011)
    __rt_lib_init_lc_ctype_2                 0x080001ad   Thumb Code     0  libinit2.o(.ARM.Collect$$libinit$$00000012)
    __rt_lib_init_alloca_1                   0x080001b9   Thumb Code     0  libinit2.o(.ARM.Collect$$libinit$$0000002E)
    __rt_lib_init_argv_1                     0x080001b9   Thumb Code     0  libinit2.o(.ARM.Collect$$libinit$$0000002C)
    __rt_lib_init_atexit_1                   0x080001b9   Thumb Code     0  libinit2.o(.ARM.Collect$$libinit$$0000001B)
    __rt_lib_init_clock_1                    0x080001b9   Thumb Code     0  libinit2.o(.ARM.Collect$$libinit$$00000021)
    __rt_lib_init_cpp_1                      0x080001b9   Thumb Code     0  libinit2.o(.ARM.Collect$$libinit$$00000032)
    __rt_lib_init_exceptions_1               0x080001b9   Thumb Code     0  libinit2.o(.ARM.Collect$$libinit$$00000030)
    __rt_lib_init_fp_trap_1                  0x080001b9   Thumb Code     0  libinit2.o(.ARM.Collect$$libinit$$0000001F)
    __rt_lib_init_getenv_1                   0x080001b9   Thumb Code     0  libinit2.o(.ARM.Collect$$libinit$$00000023)
    __rt_lib_init_lc_ctype_1                 0x080001b9   Thumb Code     0  libinit2.o(.ARM.Collect$$libinit$$00000013)
    __rt_lib_init_lc_monetary_1              0x080001b9   Thumb Code     0  libinit2.o(.ARM.Collect$$libinit$$00000015)
    __rt_lib_init_lc_numeric_1               0x080001b9   Thumb Code     0  libinit2.o(.ARM.Collect$$libinit$$00000017)
    __rt_lib_init_lc_time_1                  0x080001b9   Thumb Code     0  libinit2.o(.ARM.Collect$$libinit$$00000019)
    __rt_lib_init_return                     0x080001b9   Thumb Code     0  libinit2.o(.ARM.Collect$$libinit$$00000033)
    __rt_lib_init_signal_1                   0x080001b9   Thumb Code     0  libinit2.o(.ARM.Collect$$libinit$$0000001D)
    __rt_lib_init_stdio_1                    0x080001b9   Thumb Code     0  libinit2.o(.ARM.Collect$$libinit$$00000025)
    __rt_lib_shutdown                        0x080001bb   Thumb Code     0  libshutdown.o(.ARM.Collect$$libshutdown$$00000000)
    __rt_lib_shutdown_cpp_1                  0x080001bd   Thumb Code     0  libshutdown2.o(.ARM.Collect$$libshutdown$$00000002)
    __rt_lib_shutdown_fp_trap_1              0x080001bd   Thumb Code     0  libshutdown2.o(.ARM.Collect$$libshutdown$$00000007)
    __rt_lib_shutdown_heap_1                 0x080001bd   Thumb Code     0  libshutdown2.o(.ARM.Collect$$libshutdown$$0000000F)
    __rt_lib_shutdown_return                 0x080001bd   Thumb Code     0  libshutdown2.o(.ARM.Collect$$libshutdown$$00000010)
    __rt_lib_shutdown_signal_1               0x080001bd   Thumb Code     0  libshutdown2.o(.ARM.Collect$$libshutdown$$0000000A)
    __rt_lib_shutdown_stdio_1                0x080001bd   Thumb Code     0  libshutdown2.o(.ARM.Collect$$libshutdown$$00000004)
    __rt_lib_shutdown_user_alloc_1           0x080001bd   Thumb Code     0  libshutdown2.o(.ARM.Collect$$libshutdown$$0000000C)
    __rt_entry                               0x080001bf   Thumb Code     0  __rtentry.o(.ARM.Collect$$rtentry$$00000000)
    __rt_entry_presh_1                       0x080001bf   Thumb Code     0  __rtentry2.o(.ARM.Collect$$rtentry$$00000002)
    __rt_entry_sh                            0x080001bf   Thumb Code     0  __rtentry4.o(.ARM.Collect$$rtentry$$00000004)
    __rt_entry_li                            0x080001c5   Thumb Code     0  __rtentry2.o(.ARM.Collect$$rtentry$$0000000A)
    __rt_entry_postsh_1                      0x080001c5   Thumb Code     0  __rtentry2.o(.ARM.Collect$$rtentry$$00000009)
    __rt_entry_main                          0x080001c9   Thumb Code     0  __rtentry2.o(.ARM.Collect$$rtentry$$0000000D)
    __rt_entry_postli_1                      0x080001c9   Thumb Code     0  __rtentry2.o(.ARM.Collect$$rtentry$$0000000C)
    __rt_exit                                0x080001d1   Thumb Code     0  rtexit.o(.ARM.Collect$$rtexit$$00000000)
    __rt_exit_ls                             0x080001d3   Thumb Code     0  rtexit2.o(.ARM.Collect$$rtexit$$00000003)
    __rt_exit_prels_1                        0x080001d3   Thumb Code     0  rtexit2.o(.ARM.Collect$$rtexit$$00000002)
    __rt_exit_exit                           0x080001d7   Thumb Code     0  rtexit2.o(.ARM.Collect$$rtexit$$00000004)
    MSR_MSP                                  0x080001dd   Thumb Code     6  main.o(.emb_text)
    Reset_Handler                            0x080001e5   Thumb Code     8  startup_stm32f10x_hd.o(.text)
    PendSV_Handler                           0x080001fb   Thumb Code     2  startup_stm32f10x_hd.o(.text)
    ADC1_2_IRQHandler                        0x080001ff   Thumb Code     0  startup_stm32f10x_hd.o(.text)
    ADC3_IRQHandler                          0x080001ff   Thumb Code     0  startup_stm32f10x_hd.o(.text)
    CAN1_RX1_IRQHandler                      0x080001ff   Thumb Code     0  startup_stm32f10x_hd.o(.text)
    CAN1_SCE_IRQHandler                      0x080001ff   Thumb Code     0  startup_stm32f10x_hd.o(.text)
    DMA1_Channel2_IRQHandler                 0x080001ff   Thumb Code     0  startup_stm32f10x_hd.o(.text)
    DMA1_Channel3_IRQHandler                 0x080001ff   Thumb Code     0  startup_stm32f10x_hd.o(.text)
    DMA1_Channel4_IRQHandler                 0x080001ff   Thumb Code     0  startup_stm32f10x_hd.o(.text)
    DMA1_Channel5_IRQHandler                 0x080001ff   Thumb Code     0  startup_stm32f10x_hd.o(.text)
    DMA1_Channel6_IRQHandler                 0x080001ff   Thumb Code     0  startup_stm32f10x_hd.o(.text)
    DMA1_Channel7_IRQHandler                 0x080001ff   Thumb Code     0  startup_stm32f10x_hd.o(.text)
    DMA2_Channel1_IRQHandler                 0x080001ff   Thumb Code     0  startup_stm32f10x_hd.o(.text)
    DMA2_Channel2_IRQHandler                 0x080001ff   Thumb Code     0  startup_stm32f10x_hd.o(.text)
    DMA2_Channel3_IRQHandler                 0x080001ff   Thumb Code     0  startup_stm32f10x_hd.o(.text)
    DMA2_Channel4_5_IRQHandler               0x080001ff   Thumb Code     0  startup_stm32f10x_hd.o(.text)
    EXTI0_IRQHandler                         0x080001ff   Thumb Code     0  startup_stm32f10x_hd.o(.text)
    EXTI15_10_IRQHandler                     0x080001ff   Thumb Code     0  startup_stm32f10x_hd.o(.text)
    EXTI1_IRQHandler                         0x080001ff   Thumb Code     0  startup_stm32f10x_hd.o(.text)
    EXTI2_IRQHandler                         0x080001ff   Thumb Code     0  startup_stm32f10x_hd.o(.text)
    EXTI3_IRQHandler                         0x080001ff   Thumb Code     0  startup_stm32f10x_hd.o(.text)
    EXTI4_IRQHandler                         0x080001ff   Thumb Code     0  startup_stm32f10x_hd.o(.text)
    EXTI9_5_IRQHandler                       0x080001ff   Thumb Code     0  startup_stm32f10x_hd.o(.text)
    FLASH_IRQHandler                         0x080001ff   Thumb Code     0  startup_stm32f10x_hd.o(.text)
    FSMC_IRQHandler                          0x080001ff   Thumb Code     0  startup_stm32f10x_hd.o(.text)
    I2C1_ER_IRQHandler                       0x080001ff   Thumb Code     0  startup_stm32f10x_hd.o(.text)
    I2C1_EV_IRQHandler                       0x080001ff   Thumb Code     0  startup_stm32f10x_hd.o(.text)
    I2C2_ER_IRQHandler                       0x080001ff   Thumb Code     0  startup_stm32f10x_hd.o(.text)
    I2C2_EV_IRQHandler                       0x080001ff   Thumb Code     0  startup_stm32f10x_hd.o(.text)
    PVD_IRQHandler                           0x080001ff   Thumb Code     0  startup_stm32f10x_hd.o(.text)
    RCC_IRQHandler                           0x080001ff   Thumb Code     0  startup_stm32f10x_hd.o(.text)
    RTCAlarm_IRQHandler                      0x080001ff   Thumb Code     0  startup_stm32f10x_hd.o(.text)
    RTC_IRQHandler                           0x080001ff   Thumb Code     0  startup_stm32f10x_hd.o(.text)
    SDIO_IRQHandler                          0x080001ff   Thumb Code     0  startup_stm32f10x_hd.o(.text)
    SPI1_IRQHandler                          0x080001ff   Thumb Code     0  startup_stm32f10x_hd.o(.text)
    SPI2_IRQHandler                          0x080001ff   Thumb Code     0  startup_stm32f10x_hd.o(.text)
    SPI3_IRQHandler                          0x080001ff   Thumb Code     0  startup_stm32f10x_hd.o(.text)
    TAMPER_IRQHandler                        0x080001ff   Thumb Code     0  startup_stm32f10x_hd.o(.text)
    TIM1_BRK_IRQHandler                      0x080001ff   Thumb Code     0  startup_stm32f10x_hd.o(.text)
    TIM1_CC_IRQHandler                       0x080001ff   Thumb Code     0  startup_stm32f10x_hd.o(.text)
    TIM1_TRG_COM_IRQHandler                  0x080001ff   Thumb Code     0  startup_stm32f10x_hd.o(.text)
    TIM1_UP_IRQHandler                       0x080001ff   Thumb Code     0  startup_stm32f10x_hd.o(.text)
    TIM2_IRQHandler                          0x080001ff   Thumb Code     0  startup_stm32f10x_hd.o(.text)
    TIM3_IRQHandler                          0x080001ff   Thumb Code     0  startup_stm32f10x_hd.o(.text)
    TIM4_IRQHandler                          0x080001ff   Thumb Code     0  startup_stm32f10x_hd.o(.text)
    TIM5_IRQHandler                          0x080001ff   Thumb Code     0  startup_stm32f10x_hd.o(.text)
    TIM7_IRQHandler                          0x080001ff   Thumb Code     0  startup_stm32f10x_hd.o(.text)
    TIM8_BRK_IRQHandler                      0x080001ff   Thumb Code     0  startup_stm32f10x_hd.o(.text)
    TIM8_CC_IRQHandler                       0x080001ff   Thumb Code     0  startup_stm32f10x_hd.o(.text)
    TIM8_TRG_COM_IRQHandler                  0x080001ff   Thumb Code     0  startup_stm32f10x_hd.o(.text)
    TIM8_UP_IRQHandler                       0x080001ff   Thumb Code     0  startup_stm32f10x_hd.o(.text)
    UART4_IRQHandler                         0x080001ff   Thumb Code     0  startup_stm32f10x_hd.o(.text)
    UART5_IRQHandler                         0x080001ff   Thumb Code     0  startup_stm32f10x_hd.o(.text)
    USART1_IRQHandler                        0x080001ff   Thumb Code     0  startup_stm32f10x_hd.o(.text)
    USART3_IRQHandler                        0x080001ff   Thumb Code     0  startup_stm32f10x_hd.o(.text)
    USBWakeUp_IRQHandler                     0x080001ff   Thumb Code     0  startup_stm32f10x_hd.o(.text)
    USB_HP_CAN1_TX_IRQHandler                0x080001ff   Thumb Code     0  startup_stm32f10x_hd.o(.text)
    USB_LP_CAN1_RX0_IRQHandler               0x080001ff   Thumb Code     0  startup_stm32f10x_hd.o(.text)
    WWDG_IRQHandler                          0x080001ff   Thumb Code     0  startup_stm32f10x_hd.o(.text)
    __user_initial_stackheap                 0x08000201   Thumb Code     0  startup_stm32f10x_hd.o(.text)
    toupper                                  0x08000225   Thumb Code    30  toupper.o(.text)
    memcmp                                   0x08000243   Thumb Code    88  memcmp.o(.text)
    strlen                                   0x0800029b   Thumb Code    62  strlen.o(.text)
    __aeabi_memcpy                           0x080002d9   Thumb Code     0  rt_memcpy_v6.o(.text)
    __rt_memcpy                              0x080002d9   Thumb Code   138  rt_memcpy_v6.o(.text)
    _memcpy_lastbytes                        0x0800033f   Thumb Code     0  rt_memcpy_v6.o(.text)
    __aeabi_memcpy4                          0x08000363   Thumb Code     0  rt_memcpy_w.o(.text)
    __aeabi_memcpy8                          0x08000363   Thumb Code     0  rt_memcpy_w.o(.text)
    __rt_memcpy_w                            0x08000363   Thumb Code   100  rt_memcpy_w.o(.text)
    _memcpy_lastbytes_aligned                0x080003ab   Thumb Code     0  rt_memcpy_w.o(.text)
    __aeabi_memclr                           0x080003c7   Thumb Code     0  rt_memclr.o(.text)
    __rt_memclr                              0x080003c7   Thumb Code    68  rt_memclr.o(.text)
    _memset                                  0x080003cb   Thumb Code     0  rt_memclr.o(.text)
    __aeabi_memclr4                          0x0800040b   Thumb Code     0  rt_memclr_w.o(.text)
    __aeabi_memclr8                          0x0800040b   Thumb Code     0  rt_memclr_w.o(.text)
    __rt_memclr_w                            0x0800040b   Thumb Code    78  rt_memclr_w.o(.text)
    _memset_w                                0x0800040f   Thumb Code     0  rt_memclr_w.o(.text)
    __use_two_region_memory                  0x08000459   Thumb Code     2  heapauxi.o(.text)
    __rt_heap_escrow$2region                 0x0800045b   Thumb Code     2  heapauxi.o(.text)
    __rt_heap_expand$2region                 0x0800045d   Thumb Code     2  heapauxi.o(.text)
    __rt_ctype_table                         0x08000461   Thumb Code    16  rt_ctype_table.o(.text)
    __rt_locale                              0x08000471   Thumb Code     8  rt_locale_intlibspace.o(.text)
    __user_libspace                          0x08000479   Thumb Code     8  libspace.o(.text)
    __user_perproc_libspace                  0x08000479   Thumb Code     0  libspace.o(.text)
    __user_perthread_libspace                0x08000479   Thumb Code     0  libspace.o(.text)
    __user_setup_stackheap                   0x08000481   Thumb Code    74  sys_stackheap_outer.o(.text)
    exit                                     0x080004cb   Thumb Code    18  exit.o(.text)
    strcmp                                   0x080004dd   Thumb Code   128  strcmpv7m.o(.text)
    _sys_exit                                0x0800055d   Thumb Code     8  sys_exit.o(.text)
    __I$use$semihosting                      0x08000569   Thumb Code     0  use_no_semi.o(.text)
    __use_no_semihosting_swi                 0x08000569   Thumb Code     2  use_no_semi.o(.text)
    BusFault_Handler                         0x0800056b   Thumb Code     2  stm32f10x_it.o(i.BusFault_Handler)
    __semihosting_library_function           0x0800056b   Thumb Code     0  indicate_semi.o(.text)
    DMA1_Channel1_IRQHandler                 0x0800056d   Thumb Code     2  stm32f10x_it.o(i.DMA1_Channel1_IRQHandler)
    DebugMon_Handler                         0x0800056f   Thumb Code     2  stm32f10x_it.o(i.DebugMon_Handler)
    Delay_Ms                                 0x08000571   Thumb Code    24  nv3021.o(i.Delay_Ms)
    FLASH_ClearFlag                          0x08000589   Thumb Code     6  stm32f10x_flash.o(i.FLASH_ClearFlag)
    FLASH_ErasePage                          0x08000595   Thumb Code    56  stm32f10x_flash.o(i.FLASH_ErasePage)
    FLASH_GetBank1Status                     0x080005d1   Thumb Code    34  stm32f10x_flash.o(i.FLASH_GetBank1Status)
    FLASH_Lock                               0x080005f9   Thumb Code    12  stm32f10x_flash.o(i.FLASH_Lock)
    FLASH_PrefetchBufferCmd                  0x08000609   Thumb Code    18  stm32f10x_flash.o(i.FLASH_PrefetchBufferCmd)
    FLASH_ProgramWord                        0x08000621   Thumb Code    86  stm32f10x_flash.o(i.FLASH_ProgramWord)
    FLASH_SetLatency                         0x0800067d   Thumb Code    14  stm32f10x_flash.o(i.FLASH_SetLatency)
    FLASH_Unlock                             0x08000691   Thumb Code    12  stm32f10x_flash.o(i.FLASH_Unlock)
    FLASH_WaitForLastOperation               0x080006a9   Thumb Code    32  stm32f10x_flash.o(i.FLASH_WaitForLastOperation)
    Flash_Erase                              0x080006c9   Thumb Code    46  flash.o(i.Flash_Erase)
    Flash_Read                               0x080006f7   Thumb Code    40  flash.o(i.Flash_Read)
    Flash_Read_for_download                  0x0800071f   Thumb Code    10  flash.o(i.Flash_Read_for_download)
    Flash_Updata                             0x08000729   Thumb Code   208  flash.o(i.Flash_Updata)
    Flash_Write                              0x08000801   Thumb Code    66  flash.o(i.Flash_Write)
    GPIO_Init                                0x08000843   Thumb Code   166  stm32f10x_gpio.o(i.GPIO_Init)
    GPIO_ReadInputDataBit                    0x080008e9   Thumb Code    14  stm32f10x_gpio.o(i.GPIO_ReadInputDataBit)
    GPIO_ResetBits                           0x080008f7   Thumb Code     4  stm32f10x_gpio.o(i.GPIO_ResetBits)
    GPIO_SetBits                             0x080008fb   Thumb Code     4  stm32f10x_gpio.o(i.GPIO_SetBits)
    HardFault_Handler                        0x080008ff   Thumb Code     2  stm32f10x_it.o(i.HardFault_Handler)
    ILI9163C_Initial                         0x08000901   Thumb Code   528  nv3021.o(i.ILI9163C_Initial)
    Lcd_Reset                                0x08000b15   Thumb Code    40  nv3021.o(i.Lcd_Reset)
    MemManage_Handler                        0x08000b41   Thumb Code     2  stm32f10x_it.o(i.MemManage_Handler)
    NMI_Handler                              0x08000b43   Thumb Code     2  stm32f10x_it.o(i.NMI_Handler)
    NVIC_ISR_ADDR_RESET                      0x08000b45   Thumb Code    10  main.o(i.NVIC_ISR_ADDR_RESET)
    NVIC_Init                                0x08000b51   Thumb Code    96  misc.o(i.NVIC_Init)
    NVIC_PriorityGroupConfig                 0x08000bb5   Thumb Code    10  misc.o(i.NVIC_PriorityGroupConfig)
    NVIC_SetVectorTable                      0x08000bc9   Thumb Code    12  misc.o(i.NVIC_SetVectorTable)
    OSTick_Init                              0x08000bdd   Thumb Code    56  main.o(i.OSTick_Init)
    RCC_ADCCLKConfig                         0x08000c19   Thumb Code    14  stm32f10x_rcc.o(i.RCC_ADCCLKConfig)
    RCC_APB1PeriphClockCmd                   0x08000c2d   Thumb Code    22  stm32f10x_rcc.o(i.RCC_APB1PeriphClockCmd)
    RCC_APB1PeriphResetCmd                   0x08000c49   Thumb Code    22  stm32f10x_rcc.o(i.RCC_APB1PeriphResetCmd)
    RCC_APB2PeriphClockCmd                   0x08000c65   Thumb Code    22  stm32f10x_rcc.o(i.RCC_APB2PeriphClockCmd)
    RCC_APB2PeriphResetCmd                   0x08000c81   Thumb Code    22  stm32f10x_rcc.o(i.RCC_APB2PeriphResetCmd)
    RCC_DeInit                               0x08000d09   Thumb Code    50  stm32f10x_rcc.o(i.RCC_DeInit)
    RCC_GetClocksFreq                        0x08000d49   Thumb Code   154  stm32f10x_rcc.o(i.RCC_GetClocksFreq)
    RCC_GetFlagStatus                        0x08000df5   Thumb Code    42  stm32f10x_rcc.o(i.RCC_GetFlagStatus)
    RCC_GetSYSCLKSource                      0x08000e25   Thumb Code    10  stm32f10x_rcc.o(i.RCC_GetSYSCLKSource)
    RCC_HCLKConfig                           0x08000e35   Thumb Code    14  stm32f10x_rcc.o(i.RCC_HCLKConfig)
    RCC_HSEConfig                            0x08000e49   Thumb Code    50  stm32f10x_rcc.o(i.RCC_HSEConfig)
    RCC_PCLK1Config                          0x08000e81   Thumb Code    14  stm32f10x_rcc.o(i.RCC_PCLK1Config)
    RCC_PCLK2Config                          0x08000e95   Thumb Code    16  stm32f10x_rcc.o(i.RCC_PCLK2Config)
    RCC_PLLCmd                               0x08000ea9   Thumb Code     6  stm32f10x_rcc.o(i.RCC_PLLCmd)
    RCC_PLLConfig                            0x08000eb5   Thumb Code    16  stm32f10x_rcc.o(i.RCC_PLLConfig)
    RCC_SYSCLKConfig                         0x08000ec9   Thumb Code    14  stm32f10x_rcc.o(i.RCC_SYSCLKConfig)
    RCC_WaitForHSEStartUp                    0x08000edd   Thumb Code    48  stm32f10x_rcc.o(i.RCC_WaitForHSEStartUp)
    SVC_Handler                              0x08000f0d   Thumb Code     2  stm32f10x_it.o(i.SVC_Handler)
    SpiFlash_Read                            0x08000fc5   Thumb Code    96  gt21l16s2y.o(i.SpiFlash_Read)
    SpiFlash_ReadOneByte                     0x08001029   Thumb Code    76  gt21l16s2y.o(i.SpiFlash_ReadOneByte)
    SpiFlash_WriteOneByte                    0x08001079   Thumb Code    90  gt21l16s2y.o(i.SpiFlash_WriteOneByte)
    SysTick_Handler                          0x080010f5   Thumb Code    16  stm32f10x_it.o(i.SysTick_Handler)
    SystemInit                               0x08001109   Thumb Code    64  system_stm32f10x.o(i.SystemInit)
    TIM6_IRQHandler                          0x08001159   Thumb Code     8  stm32f10x_it.o(i.TIM6_IRQHandler)
    TIM_ClearITPendingBit                    0x08001165   Thumb Code     6  stm32f10x_tim.o(i.TIM_ClearITPendingBit)
    TargetBoardRccNvicTimerInit              0x0800116b   Thumb Code    18  main.o(i.TargetBoardRccNvicTimerInit)
    USART2_IRQHandler                        0x0800117d   Thumb Code   110  stm32f10x_it.o(i.USART2_IRQHandler)
    USART_ClearFlag                          0x080011f5   Thumb Code     8  stm32f10x_usart.o(i.USART_ClearFlag)
    USART_ClearITPendingBit                  0x080011fd   Thumb Code    16  stm32f10x_usart.o(i.USART_ClearITPendingBit)
    USART_ClockInit                          0x0800120d   Thumb Code    30  stm32f10x_usart.o(i.USART_ClockInit)
    USART_Cmd                                0x0800122b   Thumb Code    24  stm32f10x_usart.o(i.USART_Cmd)
    USART_DeInit                             0x08001245   Thumb Code   144  stm32f10x_usart.o(i.USART_DeInit)
    USART_GetFlagStatus                      0x080012e9   Thumb Code    14  stm32f10x_usart.o(i.USART_GetFlagStatus)
    USART_GetITStatus                        0x080012f7   Thumb Code    64  stm32f10x_usart.o(i.USART_GetITStatus)
    USART_ITConfig                           0x08001337   Thumb Code    54  stm32f10x_usart.o(i.USART_ITConfig)
    USART_Init                               0x0800136d   Thumb Code   182  stm32f10x_usart.o(i.USART_Init)
    USART_ReceiveData                        0x08001429   Thumb Code     8  stm32f10x_usart.o(i.USART_ReceiveData)
    USART_SendData                           0x08001431   Thumb Code     8  stm32f10x_usart.o(i.USART_SendData)
    UsageFault_Handler                       0x08001439   Thumb Code     2  stm32f10x_it.o(i.UsageFault_Handler)
    boot_task                                0x0800143d   Thumb Code    36  main.o(i.boot_task)
    boot_ui_init                             0x08001465   Thumb Code   138  main.o(i.boot_ui_init)
    calcrc                                   0x08001531   Thumb Code    56  poc.o(i.calcrc)
    device_config_read                       0x08001581   Thumb Code    16  device.o(i.device_config_read)
    device_config_save_flash                 0x08001599   Thumb Code    40  device.o(i.device_config_save_flash)
    device_init                              0x080015c9   Thumb Code    52  device.o(i.device_init)
    download_code_bin                        0x08001619   Thumb Code   610  main.o(i.download_code_bin)
    gb2312_to_unicode                        0x080018f9   Thumb Code   108  gt21l16s2y.o(i.gb2312_to_unicode)
    gt21l16s2_get_ascii_6x12                 0x08001965   Thumb Code    36  gt21l16s2y.o(i.gt21l16s2_get_ascii_6x12)
    gt21l16s2_get_ascii_8x16                 0x0800198d   Thumb Code    32  gt21l16s2y.o(i.gt21l16s2_get_ascii_8x16)
    gt21l16s2_get_gb2312_11x12               0x080019b1   Thumb Code   152  gt21l16s2y.o(i.gt21l16s2_get_gb2312_11x12)
    gt21l16s2_get_gb2312_15x16               0x08001a4d   Thumb Code   132  gt21l16s2y.o(i.gt21l16s2_get_gb2312_15x16)
    gt21l16s2_init                           0x08001ad1   Thumb Code    18  gt21l16s2y.o(i.gt21l16s2_init)
    hex_to_str                               0x08001bb1   Thumb Code    62  my_string.o(i.hex_to_str)
    lcd_write_cmd8                           0x08001ca5   Thumb Code    70  nv3021.o(i.lcd_write_cmd8)
    lcd_write_dat16                          0x08001cf1   Thumb Code    98  nv3021.o(i.lcd_write_dat16)
    lcd_write_dat8                           0x08001d59   Thumb Code    70  nv3021.o(i.lcd_write_dat8)
    main                                     0x08001da5   Thumb Code    62  main.o(i.main)
    nv3021_color_clr                         0x08001df5   Thumb Code    62  nv3021.o(i.nv3021_color_clr)
    nv3021_disp_bit1bmp_SingleByte           0x08001e33   Thumb Code   104  nv3021.o(i.nv3021_disp_bit1bmp_SingleByte)
    nv3021_disp_range                        0x08001e9b   Thumb Code    94  nv3021.o(i.nv3021_disp_range)
    nv3021_set_dis_range                     0x08001ef9   Thumb Code    84  nv3021.o(i.nv3021_set_dis_range)
    poc_get_para                             0x08001f4d   Thumb Code     4  poc.o(i.poc_get_para)
    poc_init                                 0x08001f8d   Thumb Code    58  poc.o(i.poc_init)
    poc_send_cmd                             0x08001fe5   Thumb Code    84  poc.o(i.poc_send_cmd)
    poc_task                                 0x08002051   Thumb Code   532  poc.o(i.poc_task)
    run_app                                  0x0800251d   Thumb Code    12  main.o(i.run_app)
    spi_gpio_init                            0x08002531   Thumb Code   264  gt21l16s2y.o(i.spi_gpio_init)
    str_to_hex                               0x08002655   Thumb Code    82  my_string.o(i.str_to_hex)
    uart2_config                             0x080026a9   Thumb Code   216  uart.o(i.uart2_config)
    uart2_send_byte                          0x0800278d   Thumb Code    26  uart.o(i.uart2_send_byte)
    uart2_send_string                        0x080027ad   Thumb Code    26  uart.o(i.uart2_send_string)
    ui_disp_china_15x16                      0x08002897   Thumb Code   230  main.o(i.ui_disp_china_15x16)
    _get_lc_ctype                            0x0800297d   Thumb Code    44  lc_ctype_c.o(locale$$code)
    __aeabi_ddiv                             0x080029a9   Thumb Code     0  ddiv.o(x$fpl$ddiv)
    _ddiv                                    0x080029a9   Thumb Code   552  ddiv.o(x$fpl$ddiv)
    __aeabi_d2uiz                            0x08002c59   Thumb Code     0  dfixu.o(x$fpl$dfixu)
    _dfixu                                   0x08002c59   Thumb Code    90  dfixu.o(x$fpl$dfixu)
    __aeabi_ui2d                             0x08002cb3   Thumb Code     0  dflt_clz.o(x$fpl$dfltu)
    _dfltu                                   0x08002cb3   Thumb Code    38  dflt_clz.o(x$fpl$dfltu)
    __fpl_dnaninf                            0x08002cd9   Thumb Code   156  dnaninf.o(x$fpl$dnaninf)
    __fpl_dretinf                            0x08002d75   Thumb Code    12  dretinf.o(x$fpl$dretinf)
    __I$use$fp                               0x08002d80   Number         0  usenofp.o(x$fpl$usenofp)
    Region$$Table$$Base                      0x08003200   Number         0  anon$$obj.o(Region$$Table)
    Region$$Table$$Limit                     0x08003220   Number         0  anon$$obj.o(Region$$Table)
    __ctype                                  0x0800322d   Data           0  lc_ctype_c.o(locale$$data)
    SysTick_Cnt                              0x20000000   Data           8  stm32f10x_it.o(.data)
    poc_device_p                             0x20000018   Data           4  poc.o(.data)
    Jump_To_Application                      0x20000038   Data           4  main.o(.data)
    JumpAddress                              0x2000003c   Data           4  main.o(.data)
    device_uart2                             0x20000040   Data        2054  uart.o(.bss)
    poc_device                               0x20000c46   Data          42  poc.o(.bss)
    device_cfg                               0x20000c70   Data          36  device.o(.bss)
    __libspace_start                         0x20000c94   Data          96  libspace.o(.bss)
    __temporary_stack_top$libspace           0x20000cf4   Data           0  libspace.o(.bss)



==============================================================================

Memory Map of the image

  Image Entry point : 0x08000131

  Load Region LR_IROM1 (Base: 0x08000000, Size: 0x00003370, Max: 0x00004000, ABSOLUTE)

    Execution Region ER_IROM1 (Exec base: 0x08000000, Load base: 0x08000000, Size: 0x00003330, Max: 0x00004000, ABSOLUTE)

    Exec Addr    Load Addr    Size         Type   Attr      Idx    E Section Name        Object

    0x08000000   0x08000000   0x00000130   Data   RO          131    RESET               startup_stm32f10x_hd.o
    0x08000130   0x08000130   0x00000008   Code   RO         2403  * !!!main             c_w.l(__main.o)
    0x08000138   0x08000138   0x00000034   Code   RO         2603    !!!scatter          c_w.l(__scatter.o)
    0x0800016c   0x0800016c   0x0000001a   Code   RO         2605    !!handler_copy      c_w.l(__scatter_copy.o)
    0x08000186   0x08000186   0x00000002   PAD
    0x08000188   0x08000188   0x0000001c   Code   RO         2607    !!handler_zi        c_w.l(__scatter_zi.o)
    0x080001a4   0x080001a4   0x00000002   Code   RO         2476    .ARM.Collect$$libinit$$00000000  c_w.l(libinit.o)
    0x080001a6   0x080001a6   0x00000000   Code   RO         2478    .ARM.Collect$$libinit$$00000002  c_w.l(libinit2.o)
    0x080001a6   0x080001a6   0x00000000   Code   RO         2480    .ARM.Collect$$libinit$$00000004  c_w.l(libinit2.o)
    0x080001a6   0x080001a6   0x00000000   Code   RO         2483    .ARM.Collect$$libinit$$0000000A  c_w.l(libinit2.o)
    0x080001a6   0x080001a6   0x00000000   Code   RO         2485    .ARM.Collect$$libinit$$0000000C  c_w.l(libinit2.o)
    0x080001a6   0x080001a6   0x00000000   Code   RO         2487    .ARM.Collect$$libinit$$0000000E  c_w.l(libinit2.o)
    0x080001a6   0x080001a6   0x00000006   Code   RO         2488    .ARM.Collect$$libinit$$0000000F  c_w.l(libinit2.o)
    0x080001ac   0x080001ac   0x00000000   Code   RO         2490    .ARM.Collect$$libinit$$00000011  c_w.l(libinit2.o)
    0x080001ac   0x080001ac   0x0000000c   Code   RO         2491    .ARM.Collect$$libinit$$00000012  c_w.l(libinit2.o)
    0x080001b8   0x080001b8   0x00000000   Code   RO         2492    .ARM.Collect$$libinit$$00000013  c_w.l(libinit2.o)
    0x080001b8   0x080001b8   0x00000000   Code   RO         2494    .ARM.Collect$$libinit$$00000015  c_w.l(libinit2.o)
    0x080001b8   0x080001b8   0x00000000   Code   RO         2496    .ARM.Collect$$libinit$$00000017  c_w.l(libinit2.o)
    0x080001b8   0x080001b8   0x00000000   Code   RO         2498    .ARM.Collect$$libinit$$00000019  c_w.l(libinit2.o)
    0x080001b8   0x080001b8   0x00000000   Code   RO         2500    .ARM.Collect$$libinit$$0000001B  c_w.l(libinit2.o)
    0x080001b8   0x080001b8   0x00000000   Code   RO         2502    .ARM.Collect$$libinit$$0000001D  c_w.l(libinit2.o)
    0x080001b8   0x080001b8   0x00000000   Code   RO         2504    .ARM.Collect$$libinit$$0000001F  c_w.l(libinit2.o)
    0x080001b8   0x080001b8   0x00000000   Code   RO         2506    .ARM.Collect$$libinit$$00000021  c_w.l(libinit2.o)
    0x080001b8   0x080001b8   0x00000000   Code   RO         2508    .ARM.Collect$$libinit$$00000023  c_w.l(libinit2.o)
    0x080001b8   0x080001b8   0x00000000   Code   RO         2510    .ARM.Collect$$libinit$$00000025  c_w.l(libinit2.o)
    0x080001b8   0x080001b8   0x00000000   Code   RO         2514    .ARM.Collect$$libinit$$0000002C  c_w.l(libinit2.o)
    0x080001b8   0x080001b8   0x00000000   Code   RO         2516    .ARM.Collect$$libinit$$0000002E  c_w.l(libinit2.o)
    0x080001b8   0x080001b8   0x00000000   Code   RO         2518    .ARM.Collect$$libinit$$00000030  c_w.l(libinit2.o)
    0x080001b8   0x080001b8   0x00000000   Code   RO         2520    .ARM.Collect$$libinit$$00000032  c_w.l(libinit2.o)
    0x080001b8   0x080001b8   0x00000002   Code   RO         2521    .ARM.Collect$$libinit$$00000033  c_w.l(libinit2.o)
    0x080001ba   0x080001ba   0x00000002   Code   RO         2551    .ARM.Collect$$libshutdown$$00000000  c_w.l(libshutdown.o)
    0x080001bc   0x080001bc   0x00000000   Code   RO         2562    .ARM.Collect$$libshutdown$$00000002  c_w.l(libshutdown2.o)
    0x080001bc   0x080001bc   0x00000000   Code   RO         2564    .ARM.Collect$$libshutdown$$00000004  c_w.l(libshutdown2.o)
    0x080001bc   0x080001bc   0x00000000   Code   RO         2567    .ARM.Collect$$libshutdown$$00000007  c_w.l(libshutdown2.o)
    0x080001bc   0x080001bc   0x00000000   Code   RO         2570    .ARM.Collect$$libshutdown$$0000000A  c_w.l(libshutdown2.o)
    0x080001bc   0x080001bc   0x00000000   Code   RO         2572    .ARM.Collect$$libshutdown$$0000000C  c_w.l(libshutdown2.o)
    0x080001bc   0x080001bc   0x00000000   Code   RO         2575    .ARM.Collect$$libshutdown$$0000000F  c_w.l(libshutdown2.o)
    0x080001bc   0x080001bc   0x00000002   Code   RO         2576    .ARM.Collect$$libshutdown$$00000010  c_w.l(libshutdown2.o)
    0x080001be   0x080001be   0x00000000   Code   RO         2431    .ARM.Collect$$rtentry$$00000000  c_w.l(__rtentry.o)
    0x080001be   0x080001be   0x00000000   Code   RO         2440    .ARM.Collect$$rtentry$$00000002  c_w.l(__rtentry2.o)
    0x080001be   0x080001be   0x00000006   Code   RO         2452    .ARM.Collect$$rtentry$$00000004  c_w.l(__rtentry4.o)
    0x080001c4   0x080001c4   0x00000000   Code   RO         2442    .ARM.Collect$$rtentry$$00000009  c_w.l(__rtentry2.o)
    0x080001c4   0x080001c4   0x00000004   Code   RO         2443    .ARM.Collect$$rtentry$$0000000A  c_w.l(__rtentry2.o)
    0x080001c8   0x080001c8   0x00000000   Code   RO         2445    .ARM.Collect$$rtentry$$0000000C  c_w.l(__rtentry2.o)
    0x080001c8   0x080001c8   0x00000008   Code   RO         2446    .ARM.Collect$$rtentry$$0000000D  c_w.l(__rtentry2.o)
    0x080001d0   0x080001d0   0x00000002   Code   RO         2522    .ARM.Collect$$rtexit$$00000000  c_w.l(rtexit.o)
    0x080001d2   0x080001d2   0x00000000   Code   RO         2529    .ARM.Collect$$rtexit$$00000002  c_w.l(rtexit2.o)
    0x080001d2   0x080001d2   0x00000004   Code   RO         2530    .ARM.Collect$$rtexit$$00000003  c_w.l(rtexit2.o)
    0x080001d6   0x080001d6   0x00000006   Code   RO         2531    .ARM.Collect$$rtexit$$00000004  c_w.l(rtexit2.o)
    0x080001dc   0x080001dc   0x00000006   Code   RO         1632    .emb_text           main.o
    0x080001e2   0x080001e2   0x00000002   PAD
    0x080001e4   0x080001e4   0x00000040   Code   RO          132    .text               startup_stm32f10x_hd.o
    0x08000224   0x08000224   0x0000001e   Code   RO         2387    .text               c_w.l(toupper.o)
    0x08000242   0x08000242   0x00000058   Code   RO         2389    .text               c_w.l(memcmp.o)
    0x0800029a   0x0800029a   0x0000003e   Code   RO         2391    .text               c_w.l(strlen.o)
    0x080002d8   0x080002d8   0x0000008a   Code   RO         2393    .text               c_w.l(rt_memcpy_v6.o)
    0x08000362   0x08000362   0x00000064   Code   RO         2395    .text               c_w.l(rt_memcpy_w.o)
    0x080003c6   0x080003c6   0x00000044   Code   RO         2397    .text               c_w.l(rt_memclr.o)
    0x0800040a   0x0800040a   0x0000004e   Code   RO         2399    .text               c_w.l(rt_memclr_w.o)
    0x08000458   0x08000458   0x00000006   Code   RO         2401    .text               c_w.l(heapauxi.o)
    0x0800045e   0x0800045e   0x00000002   PAD
    0x08000460   0x08000460   0x00000010   Code   RO         2432    .text               c_w.l(rt_ctype_table.o)
    0x08000470   0x08000470   0x00000008   Code   RO         2457    .text               c_w.l(rt_locale_intlibspace.o)
    0x08000478   0x08000478   0x00000008   Code   RO         2462    .text               c_w.l(libspace.o)
    0x08000480   0x08000480   0x0000004a   Code   RO         2465    .text               c_w.l(sys_stackheap_outer.o)
    0x080004ca   0x080004ca   0x00000012   Code   RO         2467    .text               c_w.l(exit.o)
    0x080004dc   0x080004dc   0x00000080   Code   RO         2469    .text               c_w.l(strcmpv7m.o)
    0x0800055c   0x0800055c   0x0000000c   Code   RO         2541    .text               c_w.l(sys_exit.o)
    0x08000568   0x08000568   0x00000002   Code   RO         2552    .text               c_w.l(use_no_semi.o)
    0x0800056a   0x0800056a   0x00000000   Code   RO         2554    .text               c_w.l(indicate_semi.o)
    0x0800056a   0x0800056a   0x00000002   Code   RO            1    i.BusFault_Handler  stm32f10x_it.o
    0x0800056c   0x0800056c   0x00000002   Code   RO            2    i.DMA1_Channel1_IRQHandler  stm32f10x_it.o
    0x0800056e   0x0800056e   0x00000002   Code   RO            3    i.DebugMon_Handler  stm32f10x_it.o
    0x08000570   0x08000570   0x00000018   Code   RO          342    i.Delay_Ms          nv3021.o
    0x08000588   0x08000588   0x0000000c   Code   RO          670    i.FLASH_ClearFlag   stm32f10x_flash.o
    0x08000594   0x08000594   0x0000003c   Code   RO          675    i.FLASH_ErasePage   stm32f10x_flash.o
    0x080005d0   0x080005d0   0x00000028   Code   RO          676    i.FLASH_GetBank1Status  stm32f10x_flash.o
    0x080005f8   0x080005f8   0x00000010   Code   RO          685    i.FLASH_Lock        stm32f10x_flash.o
    0x08000608   0x08000608   0x00000018   Code   RO          687    i.FLASH_PrefetchBufferCmd  stm32f10x_flash.o
    0x08000620   0x08000620   0x0000005c   Code   RO          690    i.FLASH_ProgramWord  stm32f10x_flash.o
    0x0800067c   0x0800067c   0x00000014   Code   RO          692    i.FLASH_SetLatency  stm32f10x_flash.o
    0x08000690   0x08000690   0x00000018   Code   RO          693    i.FLASH_Unlock      stm32f10x_flash.o
    0x080006a8   0x080006a8   0x00000020   Code   RO          697    i.FLASH_WaitForLastOperation  stm32f10x_flash.o
    0x080006c8   0x080006c8   0x0000002e   Code   RO          173    i.Flash_Erase       flash.o
    0x080006f6   0x080006f6   0x00000028   Code   RO          174    i.Flash_Read        flash.o
    0x0800071e   0x0800071e   0x0000000a   Code   RO          175    i.Flash_Read_for_download  flash.o
    0x08000728   0x08000728   0x000000d8   Code   RO          176    i.Flash_Updata      flash.o
    0x08000800   0x08000800   0x00000042   Code   RO          177    i.Flash_Write       flash.o
    0x08000842   0x08000842   0x000000a6   Code   RO          871    i.GPIO_Init         stm32f10x_gpio.o
    0x080008e8   0x080008e8   0x0000000e   Code   RO          875    i.GPIO_ReadInputDataBit  stm32f10x_gpio.o
    0x080008f6   0x080008f6   0x00000004   Code   RO          878    i.GPIO_ResetBits    stm32f10x_gpio.o
    0x080008fa   0x080008fa   0x00000004   Code   RO          879    i.GPIO_SetBits      stm32f10x_gpio.o
    0x080008fe   0x080008fe   0x00000002   Code   RO            4    i.HardFault_Handler  stm32f10x_it.o
    0x08000900   0x08000900   0x00000214   Code   RO          343    i.ILI9163C_Initial  nv3021.o
    0x08000b14   0x08000b14   0x0000002c   Code   RO          344    i.Lcd_Reset         nv3021.o
    0x08000b40   0x08000b40   0x00000002   Code   RO            5    i.MemManage_Handler  stm32f10x_it.o
    0x08000b42   0x08000b42   0x00000002   Code   RO            6    i.NMI_Handler       stm32f10x_it.o
    0x08000b44   0x08000b44   0x0000000a   Code   RO         1634    i.NVIC_ISR_ADDR_RESET  main.o
    0x08000b4e   0x08000b4e   0x00000002   PAD
    0x08000b50   0x08000b50   0x00000064   Code   RO         1165    i.NVIC_Init         misc.o
    0x08000bb4   0x08000bb4   0x00000014   Code   RO         1166    i.NVIC_PriorityGroupConfig  misc.o
    0x08000bc8   0x08000bc8   0x00000014   Code   RO         1167    i.NVIC_SetVectorTable  misc.o
    0x08000bdc   0x08000bdc   0x0000003c   Code   RO         1635    i.OSTick_Init       main.o
    0x08000c18   0x08000c18   0x00000014   Code   RO         1429    i.RCC_ADCCLKConfig  stm32f10x_rcc.o
    0x08000c2c   0x08000c2c   0x0000001c   Code   RO         1431    i.RCC_APB1PeriphClockCmd  stm32f10x_rcc.o
    0x08000c48   0x08000c48   0x0000001c   Code   RO         1432    i.RCC_APB1PeriphResetCmd  stm32f10x_rcc.o
    0x08000c64   0x08000c64   0x0000001c   Code   RO         1433    i.RCC_APB2PeriphClockCmd  stm32f10x_rcc.o
    0x08000c80   0x08000c80   0x0000001c   Code   RO         1434    i.RCC_APB2PeriphResetCmd  stm32f10x_rcc.o
    0x08000c9c   0x08000c9c   0x0000006a   Code   RO         1636    i.RCC_Configuration  main.o
    0x08000d06   0x08000d06   0x00000002   PAD
    0x08000d08   0x08000d08   0x00000040   Code   RO         1440    i.RCC_DeInit        stm32f10x_rcc.o
    0x08000d48   0x08000d48   0x000000ac   Code   RO         1441    i.RCC_GetClocksFreq  stm32f10x_rcc.o
    0x08000df4   0x08000df4   0x00000030   Code   RO         1442    i.RCC_GetFlagStatus  stm32f10x_rcc.o
    0x08000e24   0x08000e24   0x00000010   Code   RO         1444    i.RCC_GetSYSCLKSource  stm32f10x_rcc.o
    0x08000e34   0x08000e34   0x00000014   Code   RO         1445    i.RCC_HCLKConfig    stm32f10x_rcc.o
    0x08000e48   0x08000e48   0x00000038   Code   RO         1446    i.RCC_HSEConfig     stm32f10x_rcc.o
    0x08000e80   0x08000e80   0x00000014   Code   RO         1452    i.RCC_PCLK1Config   stm32f10x_rcc.o
    0x08000e94   0x08000e94   0x00000014   Code   RO         1453    i.RCC_PCLK2Config   stm32f10x_rcc.o
    0x08000ea8   0x08000ea8   0x0000000c   Code   RO         1454    i.RCC_PLLCmd        stm32f10x_rcc.o
    0x08000eb4   0x08000eb4   0x00000014   Code   RO         1455    i.RCC_PLLConfig     stm32f10x_rcc.o
    0x08000ec8   0x08000ec8   0x00000014   Code   RO         1458    i.RCC_SYSCLKConfig  stm32f10x_rcc.o
    0x08000edc   0x08000edc   0x00000030   Code   RO         1460    i.RCC_WaitForHSEStartUp  stm32f10x_rcc.o
    0x08000f0c   0x08000f0c   0x00000002   Code   RO            7    i.SVC_Handler       stm32f10x_it.o
    0x08000f0e   0x08000f0e   0x00000004   Code   RO          636    i.SetSysClock       system_stm32f10x.o
    0x08000f12   0x08000f12   0x00000002   PAD
    0x08000f14   0x08000f14   0x000000b0   Code   RO          637    i.SetSysClockTo72   system_stm32f10x.o
    0x08000fc4   0x08000fc4   0x00000064   Code   RO          254    i.SpiFlash_Read     gt21l16s2y.o
    0x08001028   0x08001028   0x00000050   Code   RO          255    i.SpiFlash_ReadOneByte  gt21l16s2y.o
    0x08001078   0x08001078   0x00000064   Code   RO          256    i.SpiFlash_WriteOneByte  gt21l16s2y.o
    0x080010dc   0x080010dc   0x00000016   Code   RO          257    i.SpiFlash_Write_CMD  gt21l16s2y.o
    0x080010f2   0x080010f2   0x00000002   PAD
    0x080010f4   0x080010f4   0x00000014   Code   RO            8    i.SysTick_Handler   stm32f10x_it.o
    0x08001108   0x08001108   0x00000050   Code   RO          639    i.SystemInit        system_stm32f10x.o
    0x08001158   0x08001158   0x0000000c   Code   RO            9    i.TIM6_IRQHandler   stm32f10x_it.o
    0x08001164   0x08001164   0x00000006   Code   RO         1845    i.TIM_ClearITPendingBit  stm32f10x_tim.o
    0x0800116a   0x0800116a   0x00000012   Code   RO         1637    i.TargetBoardRccNvicTimerInit  main.o
    0x0800117c   0x0800117c   0x00000078   Code   RO           10    i.USART2_IRQHandler  stm32f10x_it.o
    0x080011f4   0x080011f4   0x00000008   Code   RO          982    i.USART_ClearFlag   stm32f10x_usart.o
    0x080011fc   0x080011fc   0x00000010   Code   RO          983    i.USART_ClearITPendingBit  stm32f10x_usart.o
    0x0800120c   0x0800120c   0x0000001e   Code   RO          984    i.USART_ClockInit   stm32f10x_usart.o
    0x0800122a   0x0800122a   0x00000018   Code   RO          986    i.USART_Cmd         stm32f10x_usart.o
    0x08001242   0x08001242   0x00000002   PAD
    0x08001244   0x08001244   0x000000a4   Code   RO          988    i.USART_DeInit      stm32f10x_usart.o
    0x080012e8   0x080012e8   0x0000000e   Code   RO          989    i.USART_GetFlagStatus  stm32f10x_usart.o
    0x080012f6   0x080012f6   0x00000040   Code   RO          990    i.USART_GetITStatus  stm32f10x_usart.o
    0x08001336   0x08001336   0x00000036   Code   RO          992    i.USART_ITConfig    stm32f10x_usart.o
    0x0800136c   0x0800136c   0x000000bc   Code   RO          993    i.USART_Init        stm32f10x_usart.o
    0x08001428   0x08001428   0x00000008   Code   RO         1000    i.USART_ReceiveData  stm32f10x_usart.o
    0x08001430   0x08001430   0x00000008   Code   RO         1003    i.USART_SendData    stm32f10x_usart.o
    0x08001438   0x08001438   0x00000002   Code   RO           11    i.UsageFault_Handler  stm32f10x_it.o
    0x0800143a   0x0800143a   0x00000002   PAD
    0x0800143c   0x0800143c   0x00000028   Code   RO         1638    i.boot_task         main.o
    0x08001464   0x08001464   0x000000cc   Code   RO         1639    i.boot_ui_init      main.o
    0x08001530   0x08001530   0x00000038   Code   RO          476    i.calcrc            poc.o
    0x08001568   0x08001568   0x00000018   Code   RO          477    i.delay             poc.o
    0x08001580   0x08001580   0x00000018   Code   RO          596    i.device_config_read  device.o
    0x08001598   0x08001598   0x00000030   Code   RO          597    i.device_config_save_flash  device.o
    0x080015c8   0x080015c8   0x00000050   Code   RO          598    i.device_init       device.o
    0x08001618   0x08001618   0x000002e0   Code   RO         1640    i.download_code_bin  main.o
    0x080018f8   0x080018f8   0x0000006c   Code   RO          258    i.gb2312_to_unicode  gt21l16s2y.o
    0x08001964   0x08001964   0x00000028   Code   RO          259    i.gt21l16s2_get_ascii_6x12  gt21l16s2y.o
    0x0800198c   0x0800198c   0x00000024   Code   RO          260    i.gt21l16s2_get_ascii_8x16  gt21l16s2y.o
    0x080019b0   0x080019b0   0x0000009c   Code   RO          261    i.gt21l16s2_get_gb2312_11x12  gt21l16s2y.o
    0x08001a4c   0x08001a4c   0x00000084   Code   RO          262    i.gt21l16s2_get_gb2312_15x16  gt21l16s2y.o
    0x08001ad0   0x08001ad0   0x00000012   Code   RO          263    i.gt21l16s2_init    gt21l16s2y.o
    0x08001ae2   0x08001ae2   0x00000002   PAD
    0x08001ae4   0x08001ae4   0x000000cc   Code   RO          264    i.gt21l16s2_read_addr  gt21l16s2y.o
    0x08001bb0   0x08001bb0   0x0000003e   Code   RO          555    i.hex_to_str        my_string.o
    0x08001bee   0x08001bee   0x00000002   PAD
    0x08001bf0   0x08001bf0   0x000000b4   Code   RO          345    i.lcd_gpio_init     nv3021.o
    0x08001ca4   0x08001ca4   0x0000004c   Code   RO          346    i.lcd_write_cmd8    nv3021.o
    0x08001cf0   0x08001cf0   0x00000068   Code   RO          347    i.lcd_write_dat16   nv3021.o
    0x08001d58   0x08001d58   0x0000004c   Code   RO          348    i.lcd_write_dat8    nv3021.o
    0x08001da4   0x08001da4   0x00000050   Code   RO         1641    i.main              main.o
    0x08001df4   0x08001df4   0x0000003e   Code   RO          349    i.nv3021_color_clr  nv3021.o
    0x08001e32   0x08001e32   0x00000068   Code   RO          350    i.nv3021_disp_bit1bmp_SingleByte  nv3021.o
    0x08001e9a   0x08001e9a   0x0000005e   Code   RO          355    i.nv3021_disp_range  nv3021.o
    0x08001ef8   0x08001ef8   0x00000054   Code   RO          360    i.nv3021_set_dis_range  nv3021.o
    0x08001f4c   0x08001f4c   0x00000008   Code   RO          478    i.poc_get_para      poc.o
    0x08001f54   0x08001f54   0x00000038   Code   RO          480    i.poc_gpio_init     poc.o
    0x08001f8c   0x08001f8c   0x00000058   Code   RO          481    i.poc_init          poc.o
    0x08001fe4   0x08001fe4   0x0000006c   Code   RO          482    i.poc_send_cmd      poc.o
    0x08002050   0x08002050   0x0000027c   Code   RO          483    i.poc_task          poc.o
    0x080022cc   0x080022cc   0x00000250   Code   RO          484    i.poc_uart_msg_deal  poc.o
    0x0800251c   0x0800251c   0x00000014   Code   RO         1642    i.run_app           main.o
    0x08002530   0x08002530   0x00000124   Code   RO          265    i.spi_gpio_init     gt21l16s2y.o
    0x08002654   0x08002654   0x00000052   Code   RO          557    i.str_to_hex        my_string.o
    0x080026a6   0x080026a6   0x00000002   PAD
    0x080026a8   0x080026a8   0x000000e4   Code   RO          137    i.uart2_config      uart.o
    0x0800278c   0x0800278c   0x00000020   Code   RO          138    i.uart2_send_byte   uart.o
    0x080027ac   0x080027ac   0x0000001a   Code   RO          139    i.uart2_send_string  uart.o
    0x080027c6   0x080027c6   0x000000d0   Code   RO         1643    i.ui_disp_china_11x12  main.o
    0x08002896   0x08002896   0x000000e6   Code   RO         1644    i.ui_disp_china_15x16  main.o
    0x0800297c   0x0800297c   0x0000002c   Code   RO         2460    locale$$code        c_w.l(lc_ctype_c.o)
    0x080029a8   0x080029a8   0x000002b0   Code   RO         2412    x$fpl$ddiv          fz_ws.l(ddiv.o)
    0x08002c58   0x08002c58   0x0000005a   Code   RO         2419    x$fpl$dfixu         fz_ws.l(dfixu.o)
    0x08002cb2   0x08002cb2   0x00000026   Code   RO         2423    x$fpl$dfltu         fz_ws.l(dflt_clz.o)
    0x08002cd8   0x08002cd8   0x0000009c   Code   RO         2434    x$fpl$dnaninf       fz_ws.l(dnaninf.o)
    0x08002d74   0x08002d74   0x0000000c   Code   RO         2436    x$fpl$dretinf       fz_ws.l(dretinf.o)
    0x08002d80   0x08002d80   0x00000000   Code   RO         2438    x$fpl$usenofp       fz_ws.l(usenofp.o)
    0x08002d80   0x08002d80   0x00000480   Data   RO          486    .constdata          poc.o
    0x08003200   0x08003200   0x00000020   Data   RO         2601    Region$$Table       anon$$obj.o
    0x08003220   0x08003220   0x00000110   Data   RO         2459    locale$$data        c_w.l(lc_ctype_c.o)


    Execution Region RW_IRAM1 (Exec base: 0x20000000, Load base: 0x08003330, Size: 0x000020f8, Max: 0x00010000, ABSOLUTE)

    Exec Addr    Load Addr    Size         Type   Attr      Idx    E Section Name        Object

    0x20000000   0x08003330   0x00000008   Data   RW           12    .data               stm32f10x_it.o
    0x20000008   0x08003338   0x00000004   Data   RW          179    .data               flash.o
    0x2000000c   0x0800333c   0x00000010   Data   RW          487    .data               poc.o
    0x2000001c   0x0800334c   0x00000014   Data   RW         1461    .data               stm32f10x_rcc.o
    0x20000030   0x08003360   0x00000010   Data   RW         1648    .data               main.o
    0x20000040        -       0x00000806   Zero   RW          140    .bss                uart.o
    0x20000846        -       0x0000042a   Zero   RW          485    .bss                poc.o
    0x20000c70        -       0x00000024   Zero   RW          599    .bss                device.o
    0x20000c94        -       0x00000060   Zero   RW         2463    .bss                c_w.l(libspace.o)
    0x20000cf4   0x08003370   0x00000004   PAD
    0x20000cf8        -       0x00000400   Zero   RW          130    HEAP                startup_stm32f10x_hd.o
    0x200010f8        -       0x00001000   Zero   RW          129    STACK               startup_stm32f10x_hd.o


==============================================================================

Image component sizes


      Code (inc. data)   RO Data    RW Data    ZI Data      Debug   Object Name

       152         44          0          0         36       1619   device.o
       378          8          0          4          0     224074   flash.o
      1288         70          0          0          0       9860   gt21l16s2y.o
      1718        226          0         16          0      27598   main.o
       140         22          0          0          0       3613   misc.o
       144          0          0          0          0       1442   my_string.o
      1380         34          0          0          0       6929   nv3021.o
      1568        282       1152         16       1066       9993   poc.o
        64         26        304          0       5120        816   startup_stm32f10x_hd.o
       320         50          0          0          0      21273   stm32f10x_flash.o
       188          0          0          0          0      11888   stm32f10x_gpio.o
       168         18          0          8          0     229044   stm32f10x_it.o
       648        112          0         20          0      20479   stm32f10x_rcc.o
         6          0          0          0          0      21320   stm32f10x_tim.o
       578         26          0          0          0      14666   stm32f10x_usart.o
       260         26          0          0          0       1769   system_stm32f10x.o
       286         18          0          0       2054       2348   uart.o

    ----------------------------------------------------------------------
      9306        962       1488         64       8276     608731   Object Totals
         0          0         32          0          0          0   (incl. Generated)
        20          0          0          0          0          0   (incl. Padding)

    ----------------------------------------------------------------------

      Code (inc. data)   RO Data    RW Data    ZI Data      Debug   Library Member Name

         8          0          0          0          0         68   __main.o
         0          0          0          0          0          0   __rtentry.o
        12          0          0          0          0          0   __rtentry2.o
         6          0          0          0          0          0   __rtentry4.o
        52          8          0          0          0          0   __scatter.o
        26          0          0          0          0          0   __scatter_copy.o
        28          0          0          0          0          0   __scatter_zi.o
        18          0          0          0          0         80   exit.o
         6          0          0          0          0        152   heapauxi.o
         0          0          0          0          0          0   indicate_semi.o
        44         10        272          0          0         76   lc_ctype_c.o
         2          0          0          0          0          0   libinit.o
        20          0          0          0          0          0   libinit2.o
         2          0          0          0          0          0   libshutdown.o
         2          0          0          0          0          0   libshutdown2.o
         8          4          0          0         96         68   libspace.o
        88          0          0          0          0         76   memcmp.o
        16          4          0          0          0         76   rt_ctype_table.o
         8          4          0          0          0         68   rt_locale_intlibspace.o
        68          0          0          0          0         68   rt_memclr.o
        78          0          0          0          0         80   rt_memclr_w.o
       138          0          0          0          0         68   rt_memcpy_v6.o
       100          0          0          0          0         80   rt_memcpy_w.o
         2          0          0          0          0          0   rtexit.o
        10          0          0          0          0          0   rtexit2.o
       128          0          0          0          0         68   strcmpv7m.o
        62          0          0          0          0         76   strlen.o
        12          4          0          0          0         68   sys_exit.o
        74          0          0          0          0         80   sys_stackheap_outer.o
        30          0          0          0          0         76   toupper.o
         2          0          0          0          0         68   use_no_semi.o
       688        140          0          0          0        208   ddiv.o
        90          4          0          0          0         92   dfixu.o
        38          0          0          0          0         68   dflt_clz.o
       156          4          0          0          0         92   dnaninf.o
        12          0          0          0          0         68   dretinf.o
         0          0          0          0          0          0   usenofp.o

    ----------------------------------------------------------------------
      2038        182        272          0        100       1924   Library Totals
         4          0          0          0          4          0   (incl. Padding)

    ----------------------------------------------------------------------

      Code (inc. data)   RO Data    RW Data    ZI Data      Debug   Library Name

      1050         34        272          0         96       1396   c_w.l
       984        148          0          0          0        528   fz_ws.l

    ----------------------------------------------------------------------
      2038        182        272          0        100       1924   Library Totals

    ----------------------------------------------------------------------

==============================================================================


      Code (inc. data)   RO Data    RW Data    ZI Data      Debug   

     11344       1144       1760         64       8376     603943   Grand Totals
     11344       1144       1760         64       8376     603943   ELF Image Totals
     11344       1144       1760         64          0          0   ROM Totals

==============================================================================

    Total RO  Size (Code + RO Data)                13104 (  12.80kB)
    Total RW  Size (RW Data + ZI Data)              8440 (   8.24kB)
    Total ROM Size (Code + RO Data + RW Data)      13168 (  12.86kB)

==============================================================================

